Archive member included because of file (symbol)

e:/1/nti/avr/sdk_win_64/sdk_win_64/sdk_win_64/winavr/bin/../lib/gcc/avr/4.3.3/avr5\libgcc.a(_mulsi3.o)
                              ./FreeRTOS/FreeRTOS/Src/integer.o (__mulsi3)
e:/1/nti/avr/sdk_win_64/sdk_win_64/sdk_win_64/winavr/bin/../lib/gcc/avr/4.3.3/avr5\libgcc.a(_udivmodhi4.o)
                              ./HAL/LCD/LcdService.o (__udivmodhi4)
e:/1/nti/avr/sdk_win_64/sdk_win_64/sdk_win_64/winavr/bin/../lib/gcc/avr/4.3.3/avr5\libgcc.a(_divmodhi4.o)
                              ./HAL/LCD/LcdService.o (__divmodhi4)
e:/1/nti/avr/sdk_win_64/sdk_win_64/sdk_win_64/winavr/bin/../lib/gcc/avr/4.3.3/avr5\libgcc.a(_udivmodsi4.o)
                              ./MCAL/Timer/Gpt.o (__udivmodsi4)
e:/1/nti/avr/sdk_win_64/sdk_win_64/sdk_win_64/winavr/bin/../lib/gcc/avr/4.3.3/avr5\libgcc.a(_divmodsi4.o)
                              ./FreeRTOS/FreeRTOS/Src/integer.o (__divmodsi4)
e:/1/nti/avr/sdk_win_64/sdk_win_64/sdk_win_64/winavr/bin/../lib/gcc/avr/4.3.3/avr5\libgcc.a(_exit.o)
                              e:/1/nti/avr/sdk_win_64/sdk_win_64/sdk_win_64/winavr/bin/../lib/gcc/avr/4.3.3/../../../../avr/lib/avr5/crtm32.o (exit)
e:/1/nti/avr/sdk_win_64/sdk_win_64/sdk_win_64/winavr/bin/../lib/gcc/avr/4.3.3/avr5\libgcc.a(_copy_data.o)
                              ./MCAL/GPIO/Dio_Lcfg.o (__do_copy_data)
e:/1/nti/avr/sdk_win_64/sdk_win_64/sdk_win_64/winavr/bin/../lib/gcc/avr/4.3.3/avr5\libgcc.a(_clear_bss.o)
                              ./MCAL/Timer/Gpt.o (__do_clear_bss)
e:/1/nti/avr/sdk_win_64/sdk_win_64/sdk_win_64/winavr/bin/../lib/gcc/avr/4.3.3/avr5\libgcc.a(_fixunssfsi.o)
                              ./MCAL/Timer/Gpt.o (__fixunssfsi)
e:/1/nti/avr/sdk_win_64/sdk_win_64/sdk_win_64/winavr/bin/../lib/gcc/avr/4.3.3/avr5\libgcc.a(_addsub_sf.o)
                              ./MCAL/Timer/Gpt.o (__subsf3)
e:/1/nti/avr/sdk_win_64/sdk_win_64/sdk_win_64/winavr/bin/../lib/gcc/avr/4.3.3/avr5\libgcc.a(_mul_sf.o)
                              ./MCAL/Timer/Gpt.o (__mulsf3)
e:/1/nti/avr/sdk_win_64/sdk_win_64/sdk_win_64/winavr/bin/../lib/gcc/avr/4.3.3/avr5\libgcc.a(_ge_sf.o)
                              e:/1/nti/avr/sdk_win_64/sdk_win_64/sdk_win_64/winavr/bin/../lib/gcc/avr/4.3.3/avr5\libgcc.a(_fixunssfsi.o) (__gesf2)
e:/1/nti/avr/sdk_win_64/sdk_win_64/sdk_win_64/winavr/bin/../lib/gcc/avr/4.3.3/avr5\libgcc.a(_sf_to_si.o)
                              e:/1/nti/avr/sdk_win_64/sdk_win_64/sdk_win_64/winavr/bin/../lib/gcc/avr/4.3.3/avr5\libgcc.a(_fixunssfsi.o) (__fixsfsi)
e:/1/nti/avr/sdk_win_64/sdk_win_64/sdk_win_64/winavr/bin/../lib/gcc/avr/4.3.3/avr5\libgcc.a(_thenan_sf.o)
                              e:/1/nti/avr/sdk_win_64/sdk_win_64/sdk_win_64/winavr/bin/../lib/gcc/avr/4.3.3/avr5\libgcc.a(_addsub_sf.o) (__thenan_sf)
e:/1/nti/avr/sdk_win_64/sdk_win_64/sdk_win_64/winavr/bin/../lib/gcc/avr/4.3.3/avr5\libgcc.a(_usi_to_sf.o)
                              ./MCAL/Timer/Gpt.o (__floatunsisf)
e:/1/nti/avr/sdk_win_64/sdk_win_64/sdk_win_64/winavr/bin/../lib/gcc/avr/4.3.3/avr5\libgcc.a(_prologue.o)
                              e:/1/nti/avr/sdk_win_64/sdk_win_64/sdk_win_64/winavr/bin/../lib/gcc/avr/4.3.3/avr5\libgcc.a(_addsub_sf.o) (__prologue_saves__)
e:/1/nti/avr/sdk_win_64/sdk_win_64/sdk_win_64/winavr/bin/../lib/gcc/avr/4.3.3/avr5\libgcc.a(_epilogue.o)
                              e:/1/nti/avr/sdk_win_64/sdk_win_64/sdk_win_64/winavr/bin/../lib/gcc/avr/4.3.3/avr5\libgcc.a(_addsub_sf.o) (__epilogue_restores__)
e:/1/nti/avr/sdk_win_64/sdk_win_64/sdk_win_64/winavr/bin/../lib/gcc/avr/4.3.3/avr5\libgcc.a(_clzsi2.o)
                              e:/1/nti/avr/sdk_win_64/sdk_win_64/sdk_win_64/winavr/bin/../lib/gcc/avr/4.3.3/avr5\libgcc.a(_usi_to_sf.o) (__clzsi2)
e:/1/nti/avr/sdk_win_64/sdk_win_64/sdk_win_64/winavr/bin/../lib/gcc/avr/4.3.3/avr5\libgcc.a(_pack_sf.o)
                              e:/1/nti/avr/sdk_win_64/sdk_win_64/sdk_win_64/winavr/bin/../lib/gcc/avr/4.3.3/avr5\libgcc.a(_addsub_sf.o) (__pack_f)
e:/1/nti/avr/sdk_win_64/sdk_win_64/sdk_win_64/winavr/bin/../lib/gcc/avr/4.3.3/avr5\libgcc.a(_unpack_sf.o)
                              e:/1/nti/avr/sdk_win_64/sdk_win_64/sdk_win_64/winavr/bin/../lib/gcc/avr/4.3.3/avr5\libgcc.a(_addsub_sf.o) (__unpack_f)
e:/1/nti/avr/sdk_win_64/sdk_win_64/sdk_win_64/winavr/bin/../lib/gcc/avr/4.3.3/avr5\libgcc.a(_fpcmp_parts_sf.o)
                              e:/1/nti/avr/sdk_win_64/sdk_win_64/sdk_win_64/winavr/bin/../lib/gcc/avr/4.3.3/avr5\libgcc.a(_ge_sf.o) (__fpcmp_parts_f)
e:/1/nti/avr/sdk_win_64/sdk_win_64/sdk_win_64/winavr/bin/../lib/gcc/avr/4.3.3/avr5\libgcc.a(_clz.o)
                              e:/1/nti/avr/sdk_win_64/sdk_win_64/sdk_win_64/winavr/bin/../lib/gcc/avr/4.3.3/avr5\libgcc.a(_clzsi2.o) (__clz_tab)
e:/1/nti/avr/sdk_win_64/sdk_win_64/sdk_win_64/winavr/bin/../lib/gcc/avr/4.3.3/../../../../avr/lib/avr5\libc.a(memcpy.o)
                              ./FreeRTOS/FreeRTOS/Src/queue.o (memcpy)

Allocating common symbols
Common symbol       size              file

ColStatus           0x4               ./HAL/Keypad/Keypad_Lcfg.o
NumOfOverflow       0x4               ./MCAL/Timer/Gpt.o
CompareMatchValue   0x4               ./MCAL/Timer/Gpt.o
Channel             0x1               ./MCAL/Timer/Gpt.o
Mode                0x1               ./MCAL/Timer/Gpt.o
Total_Time          0x4               ./MCAL/Timer/Gpt.o
Preload             0x4               ./MCAL/Timer/Gpt.o
GenratationMode     0x1               ./MCAL/Timer/Gpt.o
GenrateError        0x1               ./MCAL/Timer/Gpt.o

Memory Configuration

Name             Origin             Length             Attributes
text             0x00000000         0x00020000         xr
data             0x00800060         0x0000ffa0         rw !x
eeprom           0x00810000         0x00010000         rw !x
fuse             0x00820000         0x00000400         rw !x
lock             0x00830000         0x00000400         rw !x
signature        0x00840000         0x00000400         rw !x
*default*        0x00000000         0xffffffff

Linker script and memory map

LOAD e:/1/nti/avr/sdk_win_64/sdk_win_64/sdk_win_64/winavr/bin/../lib/gcc/avr/4.3.3/../../../../avr/lib/avr5/crtm32.o
LOAD ./MCAL/Timer/Gpt.o
LOAD ./MCAL/Timer/Gpt_Irq.o
LOAD ./MCAL/GPIO/Dio.o
LOAD ./MCAL/GPIO/Dio_Lcfg.o
LOAD ./HAL/motor/motor.o
LOAD ./HAL/button/Switch.o
LOAD ./HAL/Led/LED.o
LOAD ./HAL/LCD/LCD.o
LOAD ./HAL/LCD/LcdService.o
LOAD ./HAL/Keypad/Keypad.o
LOAD ./HAL/Keypad/Keypad_Lcfg.o
LOAD ./FreeRTOS/FreeRTOS/Src/PollQ.o
LOAD ./FreeRTOS/FreeRTOS/Src/croutine.o
LOAD ./FreeRTOS/FreeRTOS/Src/event_groups.o
LOAD ./FreeRTOS/FreeRTOS/Src/heap_1.o
LOAD ./FreeRTOS/FreeRTOS/Src/integer.o
LOAD ./FreeRTOS/FreeRTOS/Src/list.o
LOAD ./FreeRTOS/FreeRTOS/Src/port.o
LOAD ./FreeRTOS/FreeRTOS/Src/queue.o
LOAD ./FreeRTOS/FreeRTOS/Src/tasks.o
LOAD ./main.o
LOAD ./usart_driver.o
LOAD e:/1/nti/avr/sdk_win_64/sdk_win_64/sdk_win_64/winavr/bin/../lib/gcc/avr/4.3.3/avr5\libgcc.a
LOAD e:/1/nti/avr/sdk_win_64/sdk_win_64/sdk_win_64/winavr/bin/../lib/gcc/avr/4.3.3/../../../../avr/lib/avr5\libc.a
LOAD e:/1/nti/avr/sdk_win_64/sdk_win_64/sdk_win_64/winavr/bin/../lib/gcc/avr/4.3.3/avr5\libgcc.a

.hash
 *(.hash)

.dynsym
 *(.dynsym)

.dynstr
 *(.dynstr)

.gnu.version
 *(.gnu.version)

.gnu.version_d
 *(.gnu.version_d)

.gnu.version_r
 *(.gnu.version_r)

.rel.init
 *(.rel.init)

.rela.init
 *(.rela.init)

.rel.text
 *(.rel.text)
 *(.rel.text.*)
 *(.rel.gnu.linkonce.t*)

.rela.text
 *(.rela.text)
 *(.rela.text.*)
 *(.rela.gnu.linkonce.t*)

.rel.fini
 *(.rel.fini)

.rela.fini
 *(.rela.fini)

.rel.rodata
 *(.rel.rodata)
 *(.rel.rodata.*)
 *(.rel.gnu.linkonce.r*)

.rela.rodata
 *(.rela.rodata)
 *(.rela.rodata.*)
 *(.rela.gnu.linkonce.r*)

.rel.data
 *(.rel.data)
 *(.rel.data.*)
 *(.rel.gnu.linkonce.d*)

.rela.data
 *(.rela.data)
 *(.rela.data.*)
 *(.rela.gnu.linkonce.d*)

.rel.ctors
 *(.rel.ctors)

.rela.ctors
 *(.rela.ctors)

.rel.dtors
 *(.rel.dtors)

.rela.dtors
 *(.rela.dtors)

.rel.got
 *(.rel.got)

.rela.got
 *(.rela.got)

.rel.bss
 *(.rel.bss)

.rela.bss
 *(.rela.bss)

.rel.plt
 *(.rel.plt)

.rela.plt
 *(.rela.plt)

.text           0x00000000     0x464a
 *(.vectors)
 .vectors       0x00000000       0x54 e:/1/nti/avr/sdk_win_64/sdk_win_64/sdk_win_64/winavr/bin/../lib/gcc/avr/4.3.3/../../../../avr/lib/avr5/crtm32.o
                0x00000000                __vectors
                0x00000000                __vector_default
 *(.vectors)
 *(.progmem.gcc*)
 *(.progmem*)
                0x00000054                . = ALIGN (0x2)
                0x00000054                __trampolines_start = .
 *(.trampolines)
 .trampolines   0x00000054        0x0 linker stubs
 *(.trampolines*)
                0x00000054                __trampolines_end = .
 *(.jumptables)
 *(.jumptables*)
 *(.lowtext)
 *(.lowtext*)
                0x00000054                __ctors_start = .
 *(.ctors)
                0x00000054                __ctors_end = .
                0x00000054                __dtors_start = .
 *(.dtors)
                0x00000054                __dtors_end = .
 SORT(*)(.ctors)
 SORT(*)(.dtors)
 *(.init0)
 .init0         0x00000054        0x0 e:/1/nti/avr/sdk_win_64/sdk_win_64/sdk_win_64/winavr/bin/../lib/gcc/avr/4.3.3/../../../../avr/lib/avr5/crtm32.o
                0x00000054                __init
 *(.init0)
 *(.init1)
 *(.init1)
 *(.init2)
 .init2         0x00000054        0xc e:/1/nti/avr/sdk_win_64/sdk_win_64/sdk_win_64/winavr/bin/../lib/gcc/avr/4.3.3/../../../../avr/lib/avr5/crtm32.o
 *(.init2)
 *(.init3)
 *(.init3)
 *(.init4)
 .init4         0x00000060       0x16 e:/1/nti/avr/sdk_win_64/sdk_win_64/sdk_win_64/winavr/bin/../lib/gcc/avr/4.3.3/avr5\libgcc.a(_copy_data.o)
                0x00000060                __do_copy_data
 .init4         0x00000076       0x10 e:/1/nti/avr/sdk_win_64/sdk_win_64/sdk_win_64/winavr/bin/../lib/gcc/avr/4.3.3/avr5\libgcc.a(_clear_bss.o)
                0x00000076                __do_clear_bss
 *(.init4)
 *(.init5)
 *(.init5)
 *(.init6)
 *(.init6)
 *(.init7)
 *(.init7)
 *(.init8)
 *(.init8)
 *(.init9)
 .init9         0x00000086        0x8 e:/1/nti/avr/sdk_win_64/sdk_win_64/sdk_win_64/winavr/bin/../lib/gcc/avr/4.3.3/../../../../avr/lib/avr5/crtm32.o
 *(.init9)
 *(.text)
 .text          0x0000008e        0x4 e:/1/nti/avr/sdk_win_64/sdk_win_64/sdk_win_64/winavr/bin/../lib/gcc/avr/4.3.3/../../../../avr/lib/avr5/crtm32.o
                0x0000008e                __vector_1
                0x0000008e                __vector_12
                0x0000008e                __bad_interrupt
                0x0000008e                __vector_6
                0x0000008e                __vector_3
                0x0000008e                __vector_11
                0x0000008e                __vector_13
                0x0000008e                __vector_17
                0x0000008e                __vector_19
                0x0000008e                __vector_5
                0x0000008e                __vector_4
                0x0000008e                __vector_9
                0x0000008e                __vector_2
                0x0000008e                __vector_15
                0x0000008e                __vector_8
                0x0000008e                __vector_14
                0x0000008e                __vector_10
                0x0000008e                __vector_16
                0x0000008e                __vector_18
                0x0000008e                __vector_20
 .text          0x00000092        0x0 ./MCAL/Timer/Gpt.o
 .text          0x00000092        0x0 ./MCAL/Timer/Gpt_Irq.o
 .text          0x00000092        0x0 ./MCAL/GPIO/Dio.o
 .text          0x00000092        0x0 ./MCAL/GPIO/Dio_Lcfg.o
 .text          0x00000092        0x0 ./HAL/motor/motor.o
 .text          0x00000092        0x0 ./HAL/button/Switch.o
 .text          0x00000092        0x0 ./HAL/Led/LED.o
 .text          0x00000092        0x0 ./HAL/LCD/LCD.o
 .text          0x00000092        0x0 ./HAL/LCD/LcdService.o
 .text          0x00000092        0x0 ./HAL/Keypad/Keypad.o
 .text          0x00000092        0x0 ./HAL/Keypad/Keypad_Lcfg.o
 .text          0x00000092        0x0 ./FreeRTOS/FreeRTOS/Src/PollQ.o
 .text          0x00000092        0x0 ./FreeRTOS/FreeRTOS/Src/croutine.o
 .text          0x00000092        0x0 ./FreeRTOS/FreeRTOS/Src/event_groups.o
 .text          0x00000092        0x0 ./FreeRTOS/FreeRTOS/Src/heap_1.o
 .text          0x00000092        0x0 ./FreeRTOS/FreeRTOS/Src/integer.o
 .text          0x00000092        0x0 ./FreeRTOS/FreeRTOS/Src/list.o
 .text          0x00000092        0x0 ./FreeRTOS/FreeRTOS/Src/port.o
 .text          0x00000092        0x0 ./FreeRTOS/FreeRTOS/Src/queue.o
 .text          0x00000092        0x0 ./FreeRTOS/FreeRTOS/Src/tasks.o
 .text          0x00000092        0x0 ./main.o
 .text          0x00000092        0x0 ./usart_driver.o
 .text          0x00000092        0x0 e:/1/nti/avr/sdk_win_64/sdk_win_64/sdk_win_64/winavr/bin/../lib/gcc/avr/4.3.3/avr5\libgcc.a(_mulsi3.o)
 .text          0x00000092        0x0 e:/1/nti/avr/sdk_win_64/sdk_win_64/sdk_win_64/winavr/bin/../lib/gcc/avr/4.3.3/avr5\libgcc.a(_udivmodhi4.o)
 .text          0x00000092        0x0 e:/1/nti/avr/sdk_win_64/sdk_win_64/sdk_win_64/winavr/bin/../lib/gcc/avr/4.3.3/avr5\libgcc.a(_divmodhi4.o)
 .text          0x00000092        0x0 e:/1/nti/avr/sdk_win_64/sdk_win_64/sdk_win_64/winavr/bin/../lib/gcc/avr/4.3.3/avr5\libgcc.a(_udivmodsi4.o)
 .text          0x00000092        0x0 e:/1/nti/avr/sdk_win_64/sdk_win_64/sdk_win_64/winavr/bin/../lib/gcc/avr/4.3.3/avr5\libgcc.a(_divmodsi4.o)
 .text          0x00000092        0x0 e:/1/nti/avr/sdk_win_64/sdk_win_64/sdk_win_64/winavr/bin/../lib/gcc/avr/4.3.3/avr5\libgcc.a(_exit.o)
 .text          0x00000092        0x0 e:/1/nti/avr/sdk_win_64/sdk_win_64/sdk_win_64/winavr/bin/../lib/gcc/avr/4.3.3/avr5\libgcc.a(_copy_data.o)
 .text          0x00000092        0x0 e:/1/nti/avr/sdk_win_64/sdk_win_64/sdk_win_64/winavr/bin/../lib/gcc/avr/4.3.3/avr5\libgcc.a(_clear_bss.o)
 .text          0x00000092       0x58 e:/1/nti/avr/sdk_win_64/sdk_win_64/sdk_win_64/winavr/bin/../lib/gcc/avr/4.3.3/avr5\libgcc.a(_fixunssfsi.o)
                0x00000092                __fixunssfsi
 .text          0x000000ea      0x354 e:/1/nti/avr/sdk_win_64/sdk_win_64/sdk_win_64/winavr/bin/../lib/gcc/avr/4.3.3/avr5\libgcc.a(_addsub_sf.o)
                0x00000382                __subsf3
                0x000003e4                __addsf3
 .text          0x0000043e      0x1f4 e:/1/nti/avr/sdk_win_64/sdk_win_64/sdk_win_64/winavr/bin/../lib/gcc/avr/4.3.3/avr5\libgcc.a(_mul_sf.o)
                0x0000043e                __mulsf3
 .text          0x00000632       0x60 e:/1/nti/avr/sdk_win_64/sdk_win_64/sdk_win_64/winavr/bin/../lib/gcc/avr/4.3.3/avr5\libgcc.a(_ge_sf.o)
                0x00000632                __gesf2
 .text          0x00000692       0xa8 e:/1/nti/avr/sdk_win_64/sdk_win_64/sdk_win_64/winavr/bin/../lib/gcc/avr/4.3.3/avr5\libgcc.a(_sf_to_si.o)
                0x00000692                __fixsfsi
 .text          0x0000073a        0x0 e:/1/nti/avr/sdk_win_64/sdk_win_64/sdk_win_64/winavr/bin/../lib/gcc/avr/4.3.3/avr5\libgcc.a(_thenan_sf.o)
 .text          0x0000073a       0xf2 e:/1/nti/avr/sdk_win_64/sdk_win_64/sdk_win_64/winavr/bin/../lib/gcc/avr/4.3.3/avr5\libgcc.a(_usi_to_sf.o)
                0x0000073a                __floatunsisf
 .text          0x0000082c        0x0 e:/1/nti/avr/sdk_win_64/sdk_win_64/sdk_win_64/winavr/bin/../lib/gcc/avr/4.3.3/avr5\libgcc.a(_prologue.o)
 .text          0x0000082c        0x0 e:/1/nti/avr/sdk_win_64/sdk_win_64/sdk_win_64/winavr/bin/../lib/gcc/avr/4.3.3/avr5\libgcc.a(_epilogue.o)
 .text          0x0000082c       0x9e e:/1/nti/avr/sdk_win_64/sdk_win_64/sdk_win_64/winavr/bin/../lib/gcc/avr/4.3.3/avr5\libgcc.a(_clzsi2.o)
                0x0000082c                __clzsi2
 .text          0x000008ca      0x1aa e:/1/nti/avr/sdk_win_64/sdk_win_64/sdk_win_64/winavr/bin/../lib/gcc/avr/4.3.3/avr5\libgcc.a(_pack_sf.o)
                0x000008ca                __pack_f
 .text          0x00000a74       0xf0 e:/1/nti/avr/sdk_win_64/sdk_win_64/sdk_win_64/winavr/bin/../lib/gcc/avr/4.3.3/avr5\libgcc.a(_unpack_sf.o)
                0x00000a74                __unpack_f
 .text          0x00000b64       0xb2 e:/1/nti/avr/sdk_win_64/sdk_win_64/sdk_win_64/winavr/bin/../lib/gcc/avr/4.3.3/avr5\libgcc.a(_fpcmp_parts_sf.o)
                0x00000b64                __fpcmp_parts_f
 .text          0x00000c16        0x0 e:/1/nti/avr/sdk_win_64/sdk_win_64/sdk_win_64/winavr/bin/../lib/gcc/avr/4.3.3/avr5\libgcc.a(_clz.o)
 .text          0x00000c16        0x0 e:/1/nti/avr/sdk_win_64/sdk_win_64/sdk_win_64/winavr/bin/../lib/gcc/avr/4.3.3/../../../../avr/lib/avr5\libc.a(memcpy.o)
                0x00000c16                . = ALIGN (0x2)
 *(.text.*)
 .text.SelectChannel
                0x00000c16       0x32 ./MCAL/Timer/Gpt.o
                0x00000c16                SelectChannel
 .text.Gpt_DeInit
                0x00000c48        0x2 ./MCAL/Timer/Gpt.o
                0x00000c48                Gpt_DeInit
 .text.Gpt_EnableWakeup
                0x00000c4a        0x2 ./MCAL/Timer/Gpt.o
                0x00000c4a                Gpt_EnableWakeup
 .text.Gpt_DisableNotification
                0x00000c4c       0xb6 ./MCAL/Timer/Gpt.o
                0x00000c4c                Gpt_DisableNotification
 .text.Gpt_EnableNotification
                0x00000d02       0xd2 ./MCAL/Timer/Gpt.o
                0x00000d02                Gpt_EnableNotification
 .text.Gpt_SetMode
                0x00000dd4        0xe ./MCAL/Timer/Gpt.o
                0x00000dd4                Gpt_SetMode
 .text.Gpt_StopTimer
                0x00000de2       0x78 ./MCAL/Timer/Gpt.o
                0x00000de2                Gpt_StopTimer
 .text.Gpt_GetTimeElapsed
                0x00000e5a       0xa6 ./MCAL/Timer/Gpt.o
                0x00000e5a                Gpt_GetTimeElapsed
 .text.Gpt_GetTimeRemaining
                0x00000f00       0x9e ./MCAL/Timer/Gpt.o
                0x00000f00                Gpt_GetTimeRemaining
 .text.Gpt_StartTimer
                0x00000f9e      0x2be ./MCAL/Timer/Gpt.o
                0x00000f9e                Gpt_StartTimer
 .text.Gpt_Init
                0x0000125c      0x3b2 ./MCAL/Timer/Gpt.o
                0x0000125c                Gpt_Init
 .text.InterruptEnableNormal0
                0x0000160e        0x8 ./MCAL/Timer/Gpt_Irq.o
                0x0000160e                InterruptEnableNormal0
 .text.InterruptDisableNormal0
                0x00001616        0x8 ./MCAL/Timer/Gpt_Irq.o
                0x00001616                InterruptDisableNormal0
 .text.InterruptEnableCTC0
                0x0000161e        0x8 ./MCAL/Timer/Gpt_Irq.o
                0x0000161e                InterruptEnableCTC0
 .text.InterruptDisableCTC0
                0x00001626        0x8 ./MCAL/Timer/Gpt_Irq.o
                0x00001626                InterruptDisableCTC0
 .text.InterruptEnableNormal1
                0x0000162e        0x8 ./MCAL/Timer/Gpt_Irq.o
                0x0000162e                InterruptEnableNormal1
 .text.InterruptDisableNormal1
                0x00001636        0x8 ./MCAL/Timer/Gpt_Irq.o
                0x00001636                InterruptDisableNormal1
 .text.InterruptEnableCTC1
                0x0000163e        0xe ./MCAL/Timer/Gpt_Irq.o
                0x0000163e                InterruptEnableCTC1
 .text.InterruptDisableCTC1
                0x0000164c        0xe ./MCAL/Timer/Gpt_Irq.o
                0x0000164c                InterruptDisableCTC1
 .text.InterruptEnableNormal2
                0x0000165a        0x8 ./MCAL/Timer/Gpt_Irq.o
                0x0000165a                InterruptEnableNormal2
 .text.InterruptDisableNormal2
                0x00001662        0x8 ./MCAL/Timer/Gpt_Irq.o
                0x00001662                InterruptDisableNormal2
 .text.InterruptEnableCTC2
                0x0000166a        0x8 ./MCAL/Timer/Gpt_Irq.o
                0x0000166a                InterruptEnableCTC2
 .text.InterruptDisableCTC2
                0x00001672        0x8 ./MCAL/Timer/Gpt_Irq.o
                0x00001672                InterruptDisableCTC2
 .text.Gpt_SetCallBackNormal
                0x0000167a       0x16 ./MCAL/Timer/Gpt_Irq.o
                0x0000167a                Gpt_SetCallBackNormal
 .text.Gpt_SetCallBackCTC
                0x00001690       0x16 ./MCAL/Timer/Gpt_Irq.o
                0x00001690                Gpt_SetCallBackCTC
 .text.Det_ReportError
                0x000016a6        0x4 ./MCAL/GPIO/Dio.o
                0x000016a6                Det_ReportError
 .text.Dio_ReadChannel
                0x000016aa       0x48 ./MCAL/GPIO/Dio.o
                0x000016aa                Dio_ReadChannel
 .text.Dio_WriteChannel
                0x000016f2       0xfc ./MCAL/GPIO/Dio.o
                0x000016f2                Dio_WriteChannel
 .text.Dio_WriteDirectionChannel
                0x000017ee       0xfc ./MCAL/GPIO/Dio.o
                0x000017ee                Dio_WriteDirectionChannel
 .text.Dio_ReadPort
                0x000018ea       0x22 ./MCAL/GPIO/Dio.o
                0x000018ea                Dio_ReadPort
 .text.Dio_WritePort
                0x0000190c       0x22 ./MCAL/GPIO/Dio.o
                0x0000190c                Dio_WritePort
 .text.Dio_WriteDirectionPort
                0x0000192e       0x22 ./MCAL/GPIO/Dio.o
                0x0000192e                Dio_WriteDirectionPort
 .text.Dio_ReadChannelGroup
                0x00001950       0x3c ./MCAL/GPIO/Dio.o
                0x00001950                Dio_ReadChannelGroup
 .text.Dio_WriteChannelGroup
                0x0000198c       0x30 ./MCAL/GPIO/Dio.o
                0x0000198c                Dio_WriteChannelGroup
 .text.Dio_FlipChannel
                0x000019bc       0x7c ./MCAL/GPIO/Dio.o
                0x000019bc                Dio_FlipChannel
 .text.Dio_Init
                0x00001a38       0x46 ./MCAL/GPIO/Dio.o
                0x00001a38                Dio_Init
 .text.MotorOff
                0x00001a7e       0x2c ./HAL/motor/motor.o
                0x00001a7e                MotorOff
 .text.MotorDirectionAntiClockWise
                0x00001aaa       0x24 ./HAL/motor/motor.o
                0x00001aaa                MotorDirectionAntiClockWise
 .text.MotorDirectionClockWise
                0x00001ace       0x24 ./HAL/motor/motor.o
                0x00001ace                MotorDirectionClockWise
 .text.SwitchStatus
                0x00001af2       0x22 ./HAL/button/Switch.o
                0x00001af2                SwitchStatus
 .text.LedToggle
                0x00001b14       0x18 ./HAL/Led/LED.o
                0x00001b14                LedToggle
 .text.LedOff   0x00001b2c        0xe ./HAL/Led/LED.o
                0x00001b2c                LedOff
 .text.LedOn    0x00001b3a       0x10 ./HAL/Led/LED.o
                0x00001b3a                LedOn
 .text.LCD_WriteHalfPort
                0x00001b4a       0x38 ./HAL/LCD/LCD.o
 .text.LCD_WriteData
                0x00001b82       0x6c ./HAL/LCD/LCD.o
                0x00001b82                LCD_WriteData
 .text.LCD_WriteCommand
                0x00001bee       0x6c ./HAL/LCD/LCD.o
                0x00001bee                LCD_WriteCommand
 .text.LCD_init
                0x00001c5a       0x8c ./HAL/LCD/LCD.o
                0x00001c5a                LCD_init
 .text.LCD_WriteFloatNum
                0x00001ce6        0x2 ./HAL/LCD/LcdService.o
                0x00001ce6                LCD_WriteFloatNum
 .text.LCD_Clear
                0x00001ce8        0x8 ./HAL/LCD/LcdService.o
                0x00001ce8                LCD_Clear
 .text.LCD_CursorMove
                0x00001cf0       0x30 ./HAL/LCD/LcdService.o
                0x00001cf0                LCD_CursorMove
 .text.LCD_DrowPattarn
                0x00001d20       0x5a ./HAL/LCD/LcdService.o
                0x00001d20                LCD_DrowPattarn
 .text.LCD_WriteNum_2D
                0x00001d7a       0x34 ./HAL/LCD/LcdService.o
                0x00001d7a                LCD_WriteNum_2D
 .text.LCD_WriteNum_4D
                0x00001dae       0x68 ./HAL/LCD/LcdService.o
                0x00001dae                LCD_WriteNum_4D
 .text.LCD_WriteNumInBinary
                0x00001e16       0x8e ./HAL/LCD/LcdService.o
                0x00001e16                LCD_WriteNumInBinary
 .text.LCD_WriteNum
                0x00001ea4      0x12c ./HAL/LCD/LcdService.o
                0x00001ea4                LCD_WriteNum
 .text.LCD_WriteString
                0x00001fd0       0x26 ./HAL/LCD/LcdService.o
                0x00001fd0                LCD_WriteString
 .text.GetKeyState
                0x00001ff6       0x96 ./HAL/Keypad/Keypad.o
                0x00001ff6                GetKeyState
 .text.xArePollingQueuesStillRunning
                0x0000208c       0x1a ./FreeRTOS/FreeRTOS/Src/PollQ.o
                0x0000208c                xArePollingQueuesStillRunning
 .text.vStartPolledQueueTasks
                0x000020a6       0x78 ./FreeRTOS/FreeRTOS/Src/PollQ.o
                0x000020a6                vStartPolledQueueTasks
 .text.vPolledQueueProducer
                0x0000211e       0x78 ./FreeRTOS/FreeRTOS/Src/PollQ.o
 .text.vPolledQueueConsumer
                0x00002196       0x92 ./FreeRTOS/FreeRTOS/Src/PollQ.o
 .text.xCoRoutineRemoveFromEventList
                0x00002228       0x50 ./FreeRTOS/FreeRTOS/Src/croutine.o
                0x00002228                xCoRoutineRemoveFromEventList
 .text.vCoRoutineSchedule
                0x00002278      0x1c0 ./FreeRTOS/FreeRTOS/Src/croutine.o
                0x00002278                vCoRoutineSchedule
 .text.vCoRoutineAddToDelayedList
                0x00002438       0x7a ./FreeRTOS/FreeRTOS/Src/croutine.o
                0x00002438                vCoRoutineAddToDelayedList
 .text.xCoRoutineCreate
                0x000024b2       0xf4 ./FreeRTOS/FreeRTOS/Src/croutine.o
                0x000024b2                xCoRoutineCreate
 .text.xEventGroupClearBits
                0x000025a6       0x20 ./FreeRTOS/FreeRTOS/Src/event_groups.o
                0x000025a6                xEventGroupClearBits
 .text.xEventGroupGetBitsFromISR
                0x000025c6        0x8 ./FreeRTOS/FreeRTOS/Src/event_groups.o
                0x000025c6                xEventGroupGetBitsFromISR
 .text.vEventGroupClearBitsCallback
                0x000025ce        0x8 ./FreeRTOS/FreeRTOS/Src/event_groups.o
                0x000025ce                vEventGroupClearBitsCallback
 .text.vEventGroupDelete
                0x000025d6       0x2e ./FreeRTOS/FreeRTOS/Src/event_groups.o
                0x000025d6                vEventGroupDelete
 .text.xEventGroupSetBits
                0x00002604       0xb0 ./FreeRTOS/FreeRTOS/Src/event_groups.o
                0x00002604                xEventGroupSetBits
 .text.vEventGroupSetBitsCallback
                0x000026b4        0x8 ./FreeRTOS/FreeRTOS/Src/event_groups.o
                0x000026b4                vEventGroupSetBitsCallback
 .text.xEventGroupWaitBits
                0x000026bc      0x100 ./FreeRTOS/FreeRTOS/Src/event_groups.o
                0x000026bc                xEventGroupWaitBits
 .text.xEventGroupSync
                0x000027bc       0xe6 ./FreeRTOS/FreeRTOS/Src/event_groups.o
                0x000027bc                xEventGroupSync
 .text.xEventGroupCreate
                0x000028a2       0x26 ./FreeRTOS/FreeRTOS/Src/event_groups.o
                0x000028a2                xEventGroupCreate
 .text.vPortFree
                0x000028c8        0x2 ./FreeRTOS/FreeRTOS/Src/heap_1.o
                0x000028c8                vPortFree
 .text.vPortInitialiseBlocks
                0x000028ca        0xa ./FreeRTOS/FreeRTOS/Src/heap_1.o
                0x000028ca                vPortInitialiseBlocks
 .text.xPortGetFreeHeapSize
                0x000028d4       0x14 ./FreeRTOS/FreeRTOS/Src/heap_1.o
                0x000028d4                xPortGetFreeHeapSize
 .text.pvPortMalloc
                0x000028e8       0x64 ./FreeRTOS/FreeRTOS/Src/heap_1.o
                0x000028e8                pvPortMalloc
 .text.vCompeteingIntMathTask
                0x0000294c       0xc0 ./FreeRTOS/FreeRTOS/Src/integer.o
 .text.xAreIntegerMathsTaskStillRunning
                0x00002a0c        0xe ./FreeRTOS/FreeRTOS/Src/integer.o
                0x00002a0c                xAreIntegerMathsTaskStillRunning
 .text.vStartIntegerMathTasks
                0x00002a1a       0x40 ./FreeRTOS/FreeRTOS/Src/integer.o
                0x00002a1a                vStartIntegerMathTasks
 .text.vListInitialise
                0x00002a5a       0x20 ./FreeRTOS/FreeRTOS/Src/list.o
                0x00002a5a                vListInitialise
 .text.vListInitialiseItem
                0x00002a7a        0x8 ./FreeRTOS/FreeRTOS/Src/list.o
                0x00002a7a                vListInitialiseItem
 .text.vListInsertEnd
                0x00002a82       0x3e ./FreeRTOS/FreeRTOS/Src/list.o
                0x00002a82                vListInsertEnd
 .text.vListInsert
                0x00002ac0       0x64 ./FreeRTOS/FreeRTOS/Src/list.o
                0x00002ac0                vListInsert
 .text.uxListRemove
                0x00002b24       0x54 ./FreeRTOS/FreeRTOS/Src/list.o
                0x00002b24                uxListRemove
 .text.pxPortInitialiseStack
                0x00002b78       0x90 ./FreeRTOS/FreeRTOS/Src/port.o
                0x00002b78                pxPortInitialiseStack
 .text.xPortStartScheduler
                0x00002c08       0x6a ./FreeRTOS/FreeRTOS/Src/port.o
                0x00002c08                xPortStartScheduler
 .text.vPortEndScheduler
                0x00002c72        0x2 ./FreeRTOS/FreeRTOS/Src/port.o
                0x00002c72                vPortEndScheduler
 .text.vPortYieldFromTick
                0x00002c74       0xba ./FreeRTOS/FreeRTOS/Src/port.o
                0x00002c74                vPortYieldFromTick
 .text.__vector_7
                0x00002d2e        0x6 ./FreeRTOS/FreeRTOS/Src/port.o
                0x00002d2e                __vector_7
 .text.vPortYield
                0x00002d34       0xb2 ./FreeRTOS/FreeRTOS/Src/port.o
                0x00002d34                vPortYield
 .text.uxQueueMessagesWaiting
                0x00002de6       0x10 ./FreeRTOS/FreeRTOS/Src/queue.o
                0x00002de6                uxQueueMessagesWaiting
 .text.uxQueueSpacesAvailable
                0x00002df6       0x14 ./FreeRTOS/FreeRTOS/Src/queue.o
                0x00002df6                uxQueueSpacesAvailable
 .text.uxQueueMessagesWaitingFromISR
                0x00002e0a        0x6 ./FreeRTOS/FreeRTOS/Src/queue.o
                0x00002e0a                uxQueueMessagesWaitingFromISR
 .text.xQueueIsQueueEmptyFromISR
                0x00002e10       0x10 ./FreeRTOS/FreeRTOS/Src/queue.o
                0x00002e10                xQueueIsQueueEmptyFromISR
 .text.xQueueIsQueueFullFromISR
                0x00002e20       0x12 ./FreeRTOS/FreeRTOS/Src/queue.o
                0x00002e20                xQueueIsQueueFullFromISR
 .text.prvCopyDataToQueue
                0x00002e32       0x98 ./FreeRTOS/FreeRTOS/Src/queue.o
 .text.prvCopyDataFromQueue
                0x00002eca       0x3c ./FreeRTOS/FreeRTOS/Src/queue.o
 .text.xQueuePeekFromISR
                0x00002f06       0x2a ./FreeRTOS/FreeRTOS/Src/queue.o
                0x00002f06                xQueuePeekFromISR
 .text.xQueueCRReceiveFromISR
                0x00002f30       0x76 ./FreeRTOS/FreeRTOS/Src/queue.o
                0x00002f30                xQueueCRReceiveFromISR
 .text.xQueueCRSendFromISR
                0x00002fa6       0x3e ./FreeRTOS/FreeRTOS/Src/queue.o
                0x00002fa6                xQueueCRSendFromISR
 .text.xQueueCRReceive
                0x00002fe4       0x8a ./FreeRTOS/FreeRTOS/Src/queue.o
                0x00002fe4                xQueueCRReceive
 .text.xQueueCRSend
                0x0000306e       0x6c ./FreeRTOS/FreeRTOS/Src/queue.o
                0x0000306e                xQueueCRSend
 .text.vQueueDelete
                0x000030da       0x1e ./FreeRTOS/FreeRTOS/Src/queue.o
                0x000030da                vQueueDelete
 .text.xQueueReceiveFromISR
                0x000030f8       0x56 ./FreeRTOS/FreeRTOS/Src/queue.o
                0x000030f8                xQueueReceiveFromISR
 .text.xQueueGenericSendFromISR
                0x0000314e       0x6c ./FreeRTOS/FreeRTOS/Src/queue.o
                0x0000314e                xQueueGenericSendFromISR
 .text.prvUnlockQueue
                0x000031ba       0x80 ./FreeRTOS/FreeRTOS/Src/queue.o
 .text.xQueueGenericReceive
                0x0000323a      0x166 ./FreeRTOS/FreeRTOS/Src/queue.o
                0x0000323a                xQueueGenericReceive
 .text.xQueueGenericSend
                0x000033a0      0x156 ./FreeRTOS/FreeRTOS/Src/queue.o
                0x000033a0                xQueueGenericSend
 .text.xQueueGenericReset
                0x000034f6       0x84 ./FreeRTOS/FreeRTOS/Src/queue.o
                0x000034f6                xQueueGenericReset
 .text.xQueueGenericCreate
                0x0000357a       0x58 ./FreeRTOS/FreeRTOS/Src/queue.o
                0x0000357a                xQueueGenericCreate
 .text.uxTaskPriorityGet
                0x000035d2       0x1e ./FreeRTOS/FreeRTOS/Src/tasks.o
                0x000035d2                uxTaskPriorityGet
 .text.vTaskSuspendAll
                0x000035f0        0xc ./FreeRTOS/FreeRTOS/Src/tasks.o
                0x000035f0                vTaskSuspendAll
 .text.xTaskGetTickCount
                0x000035fc       0x16 ./FreeRTOS/FreeRTOS/Src/tasks.o
                0x000035fc                xTaskGetTickCount
 .text.xTaskGetTickCountFromISR
                0x00003612        0xc ./FreeRTOS/FreeRTOS/Src/tasks.o
                0x00003612                xTaskGetTickCountFromISR
 .text.uxTaskGetNumberOfTasks
                0x0000361e        0x6 ./FreeRTOS/FreeRTOS/Src/tasks.o
                0x0000361e                uxTaskGetNumberOfTasks
 .text.vTaskSwitchContext
                0x00003624       0x92 ./FreeRTOS/FreeRTOS/Src/tasks.o
                0x00003624                vTaskSwitchContext
 .text.vTaskSetTimeOutState
                0x000036b6       0x16 ./FreeRTOS/FreeRTOS/Src/tasks.o
                0x000036b6                vTaskSetTimeOutState
 .text.xTaskCheckForTimeOut
                0x000036cc       0x6e ./FreeRTOS/FreeRTOS/Src/tasks.o
                0x000036cc                xTaskCheckForTimeOut
 .text.vTaskMissedYield
                0x0000373a        0x8 ./FreeRTOS/FreeRTOS/Src/tasks.o
                0x0000373a                vTaskMissedYield
 .text.xTaskGetCurrentTaskHandle
                0x00003742        0xc ./FreeRTOS/FreeRTOS/Src/tasks.o
                0x00003742                xTaskGetCurrentTaskHandle
 .text.uxTaskResetEventItemValue
                0x0000374e       0x30 ./FreeRTOS/FreeRTOS/Src/tasks.o
                0x0000374e                uxTaskResetEventItemValue
 .text.xTaskRemoveFromUnorderedEventList
                0x0000377e       0x68 ./FreeRTOS/FreeRTOS/Src/tasks.o
                0x0000377e                xTaskRemoveFromUnorderedEventList
 .text.xTaskRemoveFromEventList
                0x000037e6       0x80 ./FreeRTOS/FreeRTOS/Src/tasks.o
                0x000037e6                xTaskRemoveFromEventList
 .text.xTaskIncrementTick
                0x00003866      0x194 ./FreeRTOS/FreeRTOS/Src/tasks.o
                0x00003866                xTaskIncrementTick
 .text.xTaskResumeFromISR
                0x000039fa       0x9c ./FreeRTOS/FreeRTOS/Src/tasks.o
                0x000039fa                xTaskResumeFromISR
 .text.prvAddCurrentTaskToDelayedList
                0x00003a96       0x6e ./FreeRTOS/FreeRTOS/Src/tasks.o
 .text.vTaskPlaceOnUnorderedEventList
                0x00003b04       0x66 ./FreeRTOS/FreeRTOS/Src/tasks.o
                0x00003b04                vTaskPlaceOnUnorderedEventList
 .text.vTaskPlaceOnEventList
                0x00003b6a       0x58 ./FreeRTOS/FreeRTOS/Src/tasks.o
                0x00003b6a                vTaskPlaceOnEventList
 .text.xTaskResumeAll
                0x00003bc2       0xe4 ./FreeRTOS/FreeRTOS/Src/tasks.o
                0x00003bc2                xTaskResumeAll
 .text.vTaskResume
                0x00003ca6       0x92 ./FreeRTOS/FreeRTOS/Src/tasks.o
                0x00003ca6                vTaskResume
 .text.vTaskSuspend
                0x00003d38       0xd0 ./FreeRTOS/FreeRTOS/Src/tasks.o
                0x00003d38                vTaskSuspend
 .text.vTaskPrioritySet
                0x00003e08      0x104 ./FreeRTOS/FreeRTOS/Src/tasks.o
                0x00003e08                vTaskPrioritySet
 .text.vTaskDelay
                0x00003f0c       0x4e ./FreeRTOS/FreeRTOS/Src/tasks.o
                0x00003f0c                vTaskDelay
 .text.vTaskDelayUntil
                0x00003f5a       0x70 ./FreeRTOS/FreeRTOS/Src/tasks.o
                0x00003f5a                vTaskDelayUntil
 .text.vTaskDelete
                0x00003fca       0xc0 ./FreeRTOS/FreeRTOS/Src/tasks.o
                0x00003fca                vTaskDelete
 .text.vTaskEndScheduler
                0x0000408a        0xc ./FreeRTOS/FreeRTOS/Src/tasks.o
                0x0000408a                vTaskEndScheduler
 .text.prvIdleTask
                0x00004096       0x74 ./FreeRTOS/FreeRTOS/Src/tasks.o
 .text.xTaskGenericCreate
                0x0000410a      0x1fc ./FreeRTOS/FreeRTOS/Src/tasks.o
                0x0000410a                xTaskGenericCreate
 .text.vTaskStartScheduler
                0x00004306       0x56 ./FreeRTOS/FreeRTOS/Src/tasks.o
                0x00004306                vTaskStartScheduler
 .text.T_Door   0x0000435c       0x40 ./main.o
                0x0000435c                T_Door
 .text.T_KeypadEnterTime
                0x0000439c       0x44 ./main.o
                0x0000439c                T_KeypadEnterTime
 .text.system_init
                0x000043e0       0x22 ./main.o
                0x000043e0                system_init
 .text.main     0x00004402       0x68 ./main.o
                0x00004402                main
 .text.usart_init
                0x0000446a       0x32 ./usart_driver.o
                0x0000446a                usart_init
 .text.usart_getc
                0x0000449c        0x8 ./usart_driver.o
                0x0000449c                usart_getc
 .text.usart_putc
                0x000044a4        0x8 ./usart_driver.o
                0x000044a4                usart_putc
 .text.usart_puts
                0x000044ac       0x14 ./usart_driver.o
                0x000044ac                usart_puts
 .text.libgcc   0x000044c0       0x3e e:/1/nti/avr/sdk_win_64/sdk_win_64/sdk_win_64/winavr/bin/../lib/gcc/avr/4.3.3/avr5\libgcc.a(_mulsi3.o)
                0x000044c0                __mulsi3
 .text.libgcc   0x000044fe       0x28 e:/1/nti/avr/sdk_win_64/sdk_win_64/sdk_win_64/winavr/bin/../lib/gcc/avr/4.3.3/avr5\libgcc.a(_udivmodhi4.o)
                0x000044fe                __udivmodhi4
 .text.libgcc   0x00004526       0x26 e:/1/nti/avr/sdk_win_64/sdk_win_64/sdk_win_64/winavr/bin/../lib/gcc/avr/4.3.3/avr5\libgcc.a(_divmodhi4.o)
                0x00004526                __divmodhi4
                0x00004526                _div
 .text.libgcc   0x0000454c       0x44 e:/1/nti/avr/sdk_win_64/sdk_win_64/sdk_win_64/winavr/bin/../lib/gcc/avr/4.3.3/avr5\libgcc.a(_udivmodsi4.o)
                0x0000454c                __udivmodsi4
 .text.libgcc   0x00004590       0x36 e:/1/nti/avr/sdk_win_64/sdk_win_64/sdk_win_64/winavr/bin/../lib/gcc/avr/4.3.3/avr5\libgcc.a(_divmodsi4.o)
                0x00004590                __divmodsi4
 .text.libgcc   0x000045c6        0x0 e:/1/nti/avr/sdk_win_64/sdk_win_64/sdk_win_64/winavr/bin/../lib/gcc/avr/4.3.3/avr5\libgcc.a(_exit.o)
 .text.libgcc   0x000045c6        0x0 e:/1/nti/avr/sdk_win_64/sdk_win_64/sdk_win_64/winavr/bin/../lib/gcc/avr/4.3.3/avr5\libgcc.a(_copy_data.o)
 .text.libgcc   0x000045c6        0x0 e:/1/nti/avr/sdk_win_64/sdk_win_64/sdk_win_64/winavr/bin/../lib/gcc/avr/4.3.3/avr5\libgcc.a(_clear_bss.o)
 .text.libgcc   0x000045c6       0x38 e:/1/nti/avr/sdk_win_64/sdk_win_64/sdk_win_64/winavr/bin/../lib/gcc/avr/4.3.3/avr5\libgcc.a(_prologue.o)
                0x000045c6                __prologue_saves__
 .text.libgcc   0x000045fe       0x36 e:/1/nti/avr/sdk_win_64/sdk_win_64/sdk_win_64/winavr/bin/../lib/gcc/avr/4.3.3/avr5\libgcc.a(_epilogue.o)
                0x000045fe                __epilogue_restores__
 .text.avr-libc
                0x00004634       0x12 e:/1/nti/avr/sdk_win_64/sdk_win_64/sdk_win_64/winavr/bin/../lib/gcc/avr/4.3.3/../../../../avr/lib/avr5\libc.a(memcpy.o)
                0x00004634                memcpy
                0x00004646                . = ALIGN (0x2)
 *(.fini9)
 .fini9         0x00004646        0x0 e:/1/nti/avr/sdk_win_64/sdk_win_64/sdk_win_64/winavr/bin/../lib/gcc/avr/4.3.3/avr5\libgcc.a(_exit.o)
                0x00004646                exit
                0x00004646                _exit
 *(.fini9)
 *(.fini8)
 *(.fini8)
 *(.fini7)
 *(.fini7)
 *(.fini6)
 *(.fini6)
 *(.fini5)
 *(.fini5)
 *(.fini4)
 *(.fini4)
 *(.fini3)
 *(.fini3)
 *(.fini2)
 *(.fini2)
 *(.fini1)
 *(.fini1)
 *(.fini0)
 .fini0         0x00004646        0x4 e:/1/nti/avr/sdk_win_64/sdk_win_64/sdk_win_64/winavr/bin/../lib/gcc/avr/4.3.3/avr5\libgcc.a(_exit.o)
 *(.fini0)
                0x0000464a                _etext = .

.data           0x00800060      0x1d2 load address 0x0000464a
                0x00800060                PROVIDE (__data_start, .)
 *(.data)
 .data          0x00800060        0x0 e:/1/nti/avr/sdk_win_64/sdk_win_64/sdk_win_64/winavr/bin/../lib/gcc/avr/4.3.3/../../../../avr/lib/avr5/crtm32.o
 .data          0x00800060        0x0 ./MCAL/Timer/Gpt.o
 .data          0x00800060        0x0 ./MCAL/Timer/Gpt_Irq.o
 .data          0x00800060        0x0 ./MCAL/GPIO/Dio.o
 .data          0x00800060        0x0 ./MCAL/GPIO/Dio_Lcfg.o
 .data          0x00800060        0x0 ./HAL/motor/motor.o
 .data          0x00800060        0x0 ./HAL/button/Switch.o
 .data          0x00800060        0x0 ./HAL/Led/LED.o
 .data          0x00800060        0x0 ./HAL/LCD/LCD.o
 .data          0x00800060        0x0 ./HAL/LCD/LcdService.o
 .data          0x00800060        0x0 ./HAL/Keypad/Keypad.o
 .data          0x00800060        0x0 ./HAL/Keypad/Keypad_Lcfg.o
 .data          0x00800060       0x10 ./FreeRTOS/FreeRTOS/Src/PollQ.o
 .data          0x00800070        0x0 ./FreeRTOS/FreeRTOS/Src/croutine.o
 .data          0x00800070        0x0 ./FreeRTOS/FreeRTOS/Src/event_groups.o
 .data          0x00800070        0x0 ./FreeRTOS/FreeRTOS/Src/heap_1.o
 .data          0x00800070        0x8 ./FreeRTOS/FreeRTOS/Src/integer.o
 .data          0x00800078        0x0 ./FreeRTOS/FreeRTOS/Src/list.o
 .data          0x00800078        0x0 ./FreeRTOS/FreeRTOS/Src/port.o
 .data          0x00800078        0x0 ./FreeRTOS/FreeRTOS/Src/queue.o
 .data          0x00800078        0x5 ./FreeRTOS/FreeRTOS/Src/tasks.o
 .data          0x0080007d       0x40 ./main.o
 .data          0x008000bd        0x0 ./usart_driver.o
 .data          0x008000bd        0x0 e:/1/nti/avr/sdk_win_64/sdk_win_64/sdk_win_64/winavr/bin/../lib/gcc/avr/4.3.3/avr5\libgcc.a(_mulsi3.o)
 .data          0x008000bd        0x0 e:/1/nti/avr/sdk_win_64/sdk_win_64/sdk_win_64/winavr/bin/../lib/gcc/avr/4.3.3/avr5\libgcc.a(_udivmodhi4.o)
 .data          0x008000bd        0x0 e:/1/nti/avr/sdk_win_64/sdk_win_64/sdk_win_64/winavr/bin/../lib/gcc/avr/4.3.3/avr5\libgcc.a(_divmodhi4.o)
 .data          0x008000bd        0x0 e:/1/nti/avr/sdk_win_64/sdk_win_64/sdk_win_64/winavr/bin/../lib/gcc/avr/4.3.3/avr5\libgcc.a(_udivmodsi4.o)
 .data          0x008000bd        0x0 e:/1/nti/avr/sdk_win_64/sdk_win_64/sdk_win_64/winavr/bin/../lib/gcc/avr/4.3.3/avr5\libgcc.a(_divmodsi4.o)
 .data          0x008000bd        0x0 e:/1/nti/avr/sdk_win_64/sdk_win_64/sdk_win_64/winavr/bin/../lib/gcc/avr/4.3.3/avr5\libgcc.a(_exit.o)
 .data          0x008000bd        0x0 e:/1/nti/avr/sdk_win_64/sdk_win_64/sdk_win_64/winavr/bin/../lib/gcc/avr/4.3.3/avr5\libgcc.a(_copy_data.o)
 .data          0x008000bd        0x0 e:/1/nti/avr/sdk_win_64/sdk_win_64/sdk_win_64/winavr/bin/../lib/gcc/avr/4.3.3/avr5\libgcc.a(_clear_bss.o)
 .data          0x008000bd        0x0 e:/1/nti/avr/sdk_win_64/sdk_win_64/sdk_win_64/winavr/bin/../lib/gcc/avr/4.3.3/avr5\libgcc.a(_fixunssfsi.o)
 .data          0x008000bd        0x0 e:/1/nti/avr/sdk_win_64/sdk_win_64/sdk_win_64/winavr/bin/../lib/gcc/avr/4.3.3/avr5\libgcc.a(_addsub_sf.o)
 .data          0x008000bd        0x0 e:/1/nti/avr/sdk_win_64/sdk_win_64/sdk_win_64/winavr/bin/../lib/gcc/avr/4.3.3/avr5\libgcc.a(_mul_sf.o)
 .data          0x008000bd        0x0 e:/1/nti/avr/sdk_win_64/sdk_win_64/sdk_win_64/winavr/bin/../lib/gcc/avr/4.3.3/avr5\libgcc.a(_ge_sf.o)
 .data          0x008000bd        0x0 e:/1/nti/avr/sdk_win_64/sdk_win_64/sdk_win_64/winavr/bin/../lib/gcc/avr/4.3.3/avr5\libgcc.a(_sf_to_si.o)
 .data          0x008000bd        0x8 e:/1/nti/avr/sdk_win_64/sdk_win_64/sdk_win_64/winavr/bin/../lib/gcc/avr/4.3.3/avr5\libgcc.a(_thenan_sf.o)
                0x008000bd                __thenan_sf
 .data          0x008000c5        0x0 e:/1/nti/avr/sdk_win_64/sdk_win_64/sdk_win_64/winavr/bin/../lib/gcc/avr/4.3.3/avr5\libgcc.a(_usi_to_sf.o)
 .data          0x008000c5        0x0 e:/1/nti/avr/sdk_win_64/sdk_win_64/sdk_win_64/winavr/bin/../lib/gcc/avr/4.3.3/avr5\libgcc.a(_prologue.o)
 .data          0x008000c5        0x0 e:/1/nti/avr/sdk_win_64/sdk_win_64/sdk_win_64/winavr/bin/../lib/gcc/avr/4.3.3/avr5\libgcc.a(_epilogue.o)
 .data          0x008000c5        0x0 e:/1/nti/avr/sdk_win_64/sdk_win_64/sdk_win_64/winavr/bin/../lib/gcc/avr/4.3.3/avr5\libgcc.a(_clzsi2.o)
 .data          0x008000c5        0x0 e:/1/nti/avr/sdk_win_64/sdk_win_64/sdk_win_64/winavr/bin/../lib/gcc/avr/4.3.3/avr5\libgcc.a(_pack_sf.o)
 .data          0x008000c5        0x0 e:/1/nti/avr/sdk_win_64/sdk_win_64/sdk_win_64/winavr/bin/../lib/gcc/avr/4.3.3/avr5\libgcc.a(_unpack_sf.o)
 .data          0x008000c5        0x0 e:/1/nti/avr/sdk_win_64/sdk_win_64/sdk_win_64/winavr/bin/../lib/gcc/avr/4.3.3/avr5\libgcc.a(_fpcmp_parts_sf.o)
 .data          0x008000c5      0x100 e:/1/nti/avr/sdk_win_64/sdk_win_64/sdk_win_64/winavr/bin/../lib/gcc/avr/4.3.3/avr5\libgcc.a(_clz.o)
                0x008000c5                __clz_tab
 .data          0x008001c5        0x0 e:/1/nti/avr/sdk_win_64/sdk_win_64/sdk_win_64/winavr/bin/../lib/gcc/avr/4.3.3/../../../../avr/lib/avr5\libc.a(memcpy.o)
 *(.data*)
 .data.KeypadValue
                0x008001c5       0x10 ./HAL/Keypad/Keypad_Lcfg.o
                0x008001c5                KeypadValue
 .data.RowArr   0x008001d5        0x4 ./HAL/Keypad/Keypad_Lcfg.o
                0x008001d5                RowArr
 .data.ColArr   0x008001d9        0x4 ./HAL/Keypad/Keypad_Lcfg.o
                0x008001d9                ColArr
 .data.xNextTaskUnblockTime
                0x008001dd        0x2 ./FreeRTOS/FreeRTOS/Src/tasks.o
 .data.LED      0x008001df        0x2 ./main.o
                0x008001df                LED
 .data.HEATER   0x008001e1        0x3 ./main.o
                0x008001e1                HEATER
 .data.MOTOR    0x008001e4        0x3 ./main.o
                0x008001e4                MOTOR
 .data.START    0x008001e7        0x2 ./main.o
                0x008001e7                START
 .data.CANCLE   0x008001e9        0x2 ./main.o
                0x008001e9                CANCLE
 .data.DOOR     0x008001eb        0x2 ./main.o
                0x008001eb                DOOR
 .data.WEIGHT   0x008001ed        0x2 ./main.o
                0x008001ed                WEIGHT
 .data.Timer    0x008001ef        0x3 ./main.o
                0x008001ef                Timer
 *(.rodata)
 *(.rodata*)
 .rodata.ChannelStatus
                0x008001f2       0x20 ./MCAL/GPIO/Dio_Lcfg.o
                0x008001f2                ChannelStatus
 .rodata.ChannelLevel
                0x00800212       0x20 ./MCAL/GPIO/Dio_Lcfg.o
                0x00800212                ChannelLevel
 *(.gnu.linkonce.d*)
                0x00800232                . = ALIGN (0x2)
                0x00800232                _edata = .
                0x00800232                PROVIDE (__data_end, .)

.bss            0x00800232      0x617
                0x00800232                PROVIDE (__bss_start, .)
 *(.bss)
 .bss           0x00800232        0x0 e:/1/nti/avr/sdk_win_64/sdk_win_64/sdk_win_64/winavr/bin/../lib/gcc/avr/4.3.3/../../../../avr/lib/avr5/crtm32.o
 .bss           0x00800232        0x0 ./MCAL/Timer/Gpt.o
 .bss           0x00800232        0x0 ./MCAL/Timer/Gpt_Irq.o
 .bss           0x00800232        0x0 ./MCAL/GPIO/Dio.o
 .bss           0x00800232        0x0 ./MCAL/GPIO/Dio_Lcfg.o
 .bss           0x00800232        0x0 ./HAL/motor/motor.o
 .bss           0x00800232        0x0 ./HAL/button/Switch.o
 .bss           0x00800232        0x0 ./HAL/Led/LED.o
 .bss           0x00800232        0x0 ./HAL/LCD/LCD.o
 .bss           0x00800232        0x0 ./HAL/LCD/LcdService.o
 .bss           0x00800232        0x0 ./HAL/Keypad/Keypad.o
 .bss           0x00800232        0x0 ./HAL/Keypad/Keypad_Lcfg.o
 .bss           0x00800232        0x0 ./FreeRTOS/FreeRTOS/Src/PollQ.o
 .bss           0x00800232        0x0 ./FreeRTOS/FreeRTOS/Src/croutine.o
 .bss           0x00800232        0x0 ./FreeRTOS/FreeRTOS/Src/event_groups.o
 .bss           0x00800232        0x0 ./FreeRTOS/FreeRTOS/Src/heap_1.o
 .bss           0x00800232        0x0 ./FreeRTOS/FreeRTOS/Src/integer.o
 .bss           0x00800232        0x0 ./FreeRTOS/FreeRTOS/Src/list.o
 .bss           0x00800232        0x0 ./FreeRTOS/FreeRTOS/Src/port.o
 .bss           0x00800232        0x0 ./FreeRTOS/FreeRTOS/Src/queue.o
 .bss           0x00800232        0x0 ./FreeRTOS/FreeRTOS/Src/tasks.o
 .bss           0x00800232        0x0 ./main.o
 .bss           0x00800232        0x0 ./usart_driver.o
 .bss           0x00800232        0x0 e:/1/nti/avr/sdk_win_64/sdk_win_64/sdk_win_64/winavr/bin/../lib/gcc/avr/4.3.3/avr5\libgcc.a(_mulsi3.o)
 .bss           0x00800232        0x0 e:/1/nti/avr/sdk_win_64/sdk_win_64/sdk_win_64/winavr/bin/../lib/gcc/avr/4.3.3/avr5\libgcc.a(_udivmodhi4.o)
 .bss           0x00800232        0x0 e:/1/nti/avr/sdk_win_64/sdk_win_64/sdk_win_64/winavr/bin/../lib/gcc/avr/4.3.3/avr5\libgcc.a(_divmodhi4.o)
 .bss           0x00800232        0x0 e:/1/nti/avr/sdk_win_64/sdk_win_64/sdk_win_64/winavr/bin/../lib/gcc/avr/4.3.3/avr5\libgcc.a(_udivmodsi4.o)
 .bss           0x00800232        0x0 e:/1/nti/avr/sdk_win_64/sdk_win_64/sdk_win_64/winavr/bin/../lib/gcc/avr/4.3.3/avr5\libgcc.a(_divmodsi4.o)
 .bss           0x00800232        0x0 e:/1/nti/avr/sdk_win_64/sdk_win_64/sdk_win_64/winavr/bin/../lib/gcc/avr/4.3.3/avr5\libgcc.a(_exit.o)
 .bss           0x00800232        0x0 e:/1/nti/avr/sdk_win_64/sdk_win_64/sdk_win_64/winavr/bin/../lib/gcc/avr/4.3.3/avr5\libgcc.a(_copy_data.o)
 .bss           0x00800232        0x0 e:/1/nti/avr/sdk_win_64/sdk_win_64/sdk_win_64/winavr/bin/../lib/gcc/avr/4.3.3/avr5\libgcc.a(_clear_bss.o)
 .bss           0x00800232        0x0 e:/1/nti/avr/sdk_win_64/sdk_win_64/sdk_win_64/winavr/bin/../lib/gcc/avr/4.3.3/avr5\libgcc.a(_fixunssfsi.o)
 .bss           0x00800232        0x0 e:/1/nti/avr/sdk_win_64/sdk_win_64/sdk_win_64/winavr/bin/../lib/gcc/avr/4.3.3/avr5\libgcc.a(_addsub_sf.o)
 .bss           0x00800232        0x0 e:/1/nti/avr/sdk_win_64/sdk_win_64/sdk_win_64/winavr/bin/../lib/gcc/avr/4.3.3/avr5\libgcc.a(_mul_sf.o)
 .bss           0x00800232        0x0 e:/1/nti/avr/sdk_win_64/sdk_win_64/sdk_win_64/winavr/bin/../lib/gcc/avr/4.3.3/avr5\libgcc.a(_ge_sf.o)
 .bss           0x00800232        0x0 e:/1/nti/avr/sdk_win_64/sdk_win_64/sdk_win_64/winavr/bin/../lib/gcc/avr/4.3.3/avr5\libgcc.a(_sf_to_si.o)
 .bss           0x00800232        0x0 e:/1/nti/avr/sdk_win_64/sdk_win_64/sdk_win_64/winavr/bin/../lib/gcc/avr/4.3.3/avr5\libgcc.a(_thenan_sf.o)
 .bss           0x00800232        0x0 e:/1/nti/avr/sdk_win_64/sdk_win_64/sdk_win_64/winavr/bin/../lib/gcc/avr/4.3.3/avr5\libgcc.a(_usi_to_sf.o)
 .bss           0x00800232        0x0 e:/1/nti/avr/sdk_win_64/sdk_win_64/sdk_win_64/winavr/bin/../lib/gcc/avr/4.3.3/avr5\libgcc.a(_prologue.o)
 .bss           0x00800232        0x0 e:/1/nti/avr/sdk_win_64/sdk_win_64/sdk_win_64/winavr/bin/../lib/gcc/avr/4.3.3/avr5\libgcc.a(_epilogue.o)
 .bss           0x00800232        0x0 e:/1/nti/avr/sdk_win_64/sdk_win_64/sdk_win_64/winavr/bin/../lib/gcc/avr/4.3.3/avr5\libgcc.a(_clzsi2.o)
 .bss           0x00800232        0x0 e:/1/nti/avr/sdk_win_64/sdk_win_64/sdk_win_64/winavr/bin/../lib/gcc/avr/4.3.3/avr5\libgcc.a(_pack_sf.o)
 .bss           0x00800232        0x0 e:/1/nti/avr/sdk_win_64/sdk_win_64/sdk_win_64/winavr/bin/../lib/gcc/avr/4.3.3/avr5\libgcc.a(_unpack_sf.o)
 .bss           0x00800232        0x0 e:/1/nti/avr/sdk_win_64/sdk_win_64/sdk_win_64/winavr/bin/../lib/gcc/avr/4.3.3/avr5\libgcc.a(_fpcmp_parts_sf.o)
 .bss           0x00800232        0x0 e:/1/nti/avr/sdk_win_64/sdk_win_64/sdk_win_64/winavr/bin/../lib/gcc/avr/4.3.3/avr5\libgcc.a(_clz.o)
 .bss           0x00800232        0x0 e:/1/nti/avr/sdk_win_64/sdk_win_64/sdk_win_64/winavr/bin/../lib/gcc/avr/4.3.3/../../../../avr/lib/avr5\libc.a(memcpy.o)
 *(.bss*)
 .bss.prescaler
                0x00800232        0x4 ./MCAL/Timer/Gpt.o
 .bss.ChannelTickFrequency
                0x00800236        0x4 ./MCAL/Timer/Gpt.o
 .bss.ChannelTickValueMax
                0x0080023a        0x4 ./MCAL/Timer/Gpt.o
 .bss.OverFlowTick
                0x0080023e        0x4 ./MCAL/Timer/Gpt.o
 .bss.counter   0x00800242        0x4 ./MCAL/Timer/Gpt.o
 .bss.FlagEnableInterrupt
                0x00800246        0x1 ./MCAL/Timer/Gpt.o
 .bss.Gpt_CTCCallBack
                0x00800247        0x8 ./MCAL/Timer/Gpt_Irq.o
 .bss.Gpt_NormalCallBack
                0x0080024f        0x6 ./MCAL/Timer/Gpt_Irq.o
 .bss.xPollingConsumerCount
                0x00800255        0x1 ./FreeRTOS/FreeRTOS/Src/PollQ.o
 .bss.xPollingProducerCount
                0x00800256        0x1 ./FreeRTOS/FreeRTOS/Src/PollQ.o
 .bss.xPolledQueue.1653
                0x00800257        0x2 ./FreeRTOS/FreeRTOS/Src/PollQ.o
 .bss.pxCurrentCoRoutine
                0x00800259        0x2 ./FreeRTOS/FreeRTOS/Src/croutine.o
                0x00800259                pxCurrentCoRoutine
 .bss.uxTopCoRoutineReadyPriority
                0x0080025b        0x1 ./FreeRTOS/FreeRTOS/Src/croutine.o
 .bss.xLastTickCount
                0x0080025c        0x2 ./FreeRTOS/FreeRTOS/Src/croutine.o
 .bss.xPassedTicks
                0x0080025e        0x2 ./FreeRTOS/FreeRTOS/Src/croutine.o
 .bss.xCoRoutineTickCount
                0x00800260        0x2 ./FreeRTOS/FreeRTOS/Src/croutine.o
 .bss.pxReadyCoRoutineLists
                0x00800262       0x12 ./FreeRTOS/FreeRTOS/Src/croutine.o
 .bss.xDelayedCoRoutineList1
                0x00800274        0x9 ./FreeRTOS/FreeRTOS/Src/croutine.o
 .bss.xDelayedCoRoutineList2
                0x0080027d        0x9 ./FreeRTOS/FreeRTOS/Src/croutine.o
 .bss.pxDelayedCoRoutineList
                0x00800286        0x2 ./FreeRTOS/FreeRTOS/Src/croutine.o
 .bss.pxOverflowDelayedCoRoutineList
                0x00800288        0x2 ./FreeRTOS/FreeRTOS/Src/croutine.o
 .bss.xPendingReadyCoRoutineList
                0x0080028a        0x9 ./FreeRTOS/FreeRTOS/Src/croutine.o
 .bss.xNextFreeByte
                0x00800293        0x2 ./FreeRTOS/FreeRTOS/Src/heap_1.o
 .bss.pucAlignedHeap.1541
                0x00800295        0x2 ./FreeRTOS/FreeRTOS/Src/heap_1.o
 .bss.ucHeap    0x00800297      0x514 ./FreeRTOS/FreeRTOS/Src/heap_1.o
 .bss.xTaskCheck
                0x008007ab        0x1 ./FreeRTOS/FreeRTOS/Src/integer.o
 .bss.pxCurrentTCB
                0x008007ac        0x2 ./FreeRTOS/FreeRTOS/Src/tasks.o
                0x008007ac                pxCurrentTCB
 .bss.xYieldPending
                0x008007ae        0x1 ./FreeRTOS/FreeRTOS/Src/tasks.o
 .bss.xTickCount
                0x008007af        0x2 ./FreeRTOS/FreeRTOS/Src/tasks.o
 .bss.xNumOfOverflows
                0x008007b1        0x1 ./FreeRTOS/FreeRTOS/Src/tasks.o
 .bss.uxTopReadyPriority
                0x008007b2        0x1 ./FreeRTOS/FreeRTOS/Src/tasks.o
 .bss.uxSchedulerSuspended
                0x008007b3        0x1 ./FreeRTOS/FreeRTOS/Src/tasks.o
 .bss.uxPendedTicks
                0x008007b4        0x1 ./FreeRTOS/FreeRTOS/Src/tasks.o
 .bss.uxCurrentNumberOfTasks
                0x008007b5        0x1 ./FreeRTOS/FreeRTOS/Src/tasks.o
 .bss.xSchedulerRunning
                0x008007b6        0x1 ./FreeRTOS/FreeRTOS/Src/tasks.o
 .bss.uxTasksDeleted
                0x008007b7        0x1 ./FreeRTOS/FreeRTOS/Src/tasks.o
 .bss.uxTaskNumber
                0x008007b8        0x1 ./FreeRTOS/FreeRTOS/Src/tasks.o
 .bss.pxReadyTasksLists
                0x008007b9       0x3f ./FreeRTOS/FreeRTOS/Src/tasks.o
 .bss.xDelayedTaskList1
                0x008007f8        0x9 ./FreeRTOS/FreeRTOS/Src/tasks.o
 .bss.xDelayedTaskList2
                0x00800801        0x9 ./FreeRTOS/FreeRTOS/Src/tasks.o
 .bss.pxDelayedTaskList
                0x0080080a        0x2 ./FreeRTOS/FreeRTOS/Src/tasks.o
 .bss.pxOverflowDelayedTaskList
                0x0080080c        0x2 ./FreeRTOS/FreeRTOS/Src/tasks.o
 .bss.xPendingReadyList
                0x0080080e        0x9 ./FreeRTOS/FreeRTOS/Src/tasks.o
 .bss.xTasksWaitingTermination
                0x00800817        0x9 ./FreeRTOS/FreeRTOS/Src/tasks.o
 .bss.xSuspendedTaskList
                0x00800820        0x9 ./FreeRTOS/FreeRTOS/Src/tasks.o
 .bss.KeypadEnterTime
                0x00800829        0x2 ./main.o
                0x00800829                KeypadEnterTime
 .bss.DoorTask  0x0080082b        0x2 ./main.o
                0x0080082b                DoorTask
 .bss.Events    0x0080082d        0x2 ./main.o
                0x0080082d                Events
 .bss.Bits      0x0080082f        0x2 ./main.o
                0x0080082f                Bits
 *(COMMON)
 COMMON         0x00800831       0x14 ./MCAL/Timer/Gpt.o
                0x00800831                NumOfOverflow
                0x00800835                CompareMatchValue
                0x00800839                Channel
                0x0080083a                Mode
                0x0080083b                Total_Time
                0x0080083f                Preload
                0x00800843                GenratationMode
                0x00800844                GenrateError
 COMMON         0x00800845        0x4 ./HAL/Keypad/Keypad_Lcfg.o
                0x00800845                ColStatus
                0x00800849                PROVIDE (__bss_end, .)
                0x0000464a                __data_load_start = LOADADDR (.data)
                0x0000481c                __data_load_end = (__data_load_start + SIZEOF (.data))

.noinit         0x00800849        0x0
                0x00800849                PROVIDE (__noinit_start, .)
 *(.noinit*)
                0x00800849                PROVIDE (__noinit_end, .)
                0x00800849                _end = .
                0x00800849                PROVIDE (__heap_start, .)

.eeprom         0x00810000        0x0
 *(.eeprom*)
                0x00810000                __eeprom_end = .

.fuse
 *(.fuse)
 *(.lfuse)
 *(.hfuse)
 *(.efuse)

.lock
 *(.lock*)

.signature
 *(.signature*)

.stab           0x00000000     0x90fc
 *(.stab)
 .stab          0x00000000     0x1104 ./MCAL/Timer/Gpt.o
 .stab          0x00001104      0x3fc ./MCAL/Timer/Gpt_Irq.o
                                0x5ac (size before relaxing)
 .stab          0x00001500      0x870 ./MCAL/GPIO/Dio.o
                                0x87c (size before relaxing)
 .stab          0x00001d70      0x114 ./MCAL/GPIO/Dio_Lcfg.o
                                0x234 (size before relaxing)
 .stab          0x00001e84      0x27c ./HAL/motor/motor.o
                                0x318 (size before relaxing)
 .stab          0x00002100      0x270 ./HAL/button/Switch.o
                                0x27c (size before relaxing)
 .stab          0x00002370      0x1ec ./HAL/Led/LED.o
                                0x30c (size before relaxing)
 .stab          0x0000255c      0x75c ./HAL/LCD/LCD.o
                                0x87c (size before relaxing)
 .stab          0x00002cb8      0x5a0 ./HAL/LCD/LcdService.o
                                0x84c (size before relaxing)
 .stab          0x00003258      0x204 ./HAL/Keypad/Keypad.o
                                0x324 (size before relaxing)
 .stab          0x0000345c      0x138 ./HAL/Keypad/Keypad_Lcfg.o
                                0x2ac (size before relaxing)
 .stab          0x00003594      0x69c ./FreeRTOS/FreeRTOS/Src/PollQ.o
                                0x828 (size before relaxing)
 .stab          0x00003c30      0x738 ./FreeRTOS/FreeRTOS/Src/croutine.o
                                0xa68 (size before relaxing)
 .stab          0x00004368      0x918 ./FreeRTOS/FreeRTOS/Src/event_groups.o
                                0xcd8 (size before relaxing)
 .stab          0x00004c80      0x2f4 ./FreeRTOS/FreeRTOS/Src/heap_1.o
                                0x6b4 (size before relaxing)
 .stab          0x00004f74      0x2f4 ./FreeRTOS/FreeRTOS/Src/integer.o
                                0x6b4 (size before relaxing)
 .stab          0x00005268      0x468 ./FreeRTOS/FreeRTOS/Src/list.o
                                0x774 (size before relaxing)
 .stab          0x000056d0      0x558 ./FreeRTOS/FreeRTOS/Src/port.o
                                0x90c (size before relaxing)
 .stab          0x00005c28     0x1218 ./FreeRTOS/FreeRTOS/Src/queue.o
                               0x1644 (size before relaxing)
 .stab          0x00006e40     0x1818 ./FreeRTOS/FreeRTOS/Src/tasks.o
                               0x1c08 (size before relaxing)
 .stab          0x00008658      0x828 ./main.o
                                0xb7c (size before relaxing)
 .stab          0x00008e80      0x27c ./usart_driver.o
                                0x438 (size before relaxing)

.stabstr        0x00000000     0x5b84
 *(.stabstr)
 .stabstr       0x00000000     0x5b84 ./MCAL/Timer/Gpt.o

.stab.excl
 *(.stab.excl)

.stab.exclstr
 *(.stab.exclstr)

.stab.index
 *(.stab.index)

.stab.indexstr
 *(.stab.indexstr)

.comment
 *(.comment)

.debug
 *(.debug)

.line
 *(.line)

.debug_srcinfo
 *(.debug_srcinfo)

.debug_sfnames
 *(.debug_sfnames)

.debug_aranges  0x00000000      0x140
 *(.debug_aranges)
 .debug_aranges
                0x00000000       0x20 e:/1/nti/avr/sdk_win_64/sdk_win_64/sdk_win_64/winavr/bin/../lib/gcc/avr/4.3.3/avr5\libgcc.a(_fixunssfsi.o)
 .debug_aranges
                0x00000020       0x20 e:/1/nti/avr/sdk_win_64/sdk_win_64/sdk_win_64/winavr/bin/../lib/gcc/avr/4.3.3/avr5\libgcc.a(_addsub_sf.o)
 .debug_aranges
                0x00000040       0x20 e:/1/nti/avr/sdk_win_64/sdk_win_64/sdk_win_64/winavr/bin/../lib/gcc/avr/4.3.3/avr5\libgcc.a(_mul_sf.o)
 .debug_aranges
                0x00000060       0x20 e:/1/nti/avr/sdk_win_64/sdk_win_64/sdk_win_64/winavr/bin/../lib/gcc/avr/4.3.3/avr5\libgcc.a(_ge_sf.o)
 .debug_aranges
                0x00000080       0x20 e:/1/nti/avr/sdk_win_64/sdk_win_64/sdk_win_64/winavr/bin/../lib/gcc/avr/4.3.3/avr5\libgcc.a(_sf_to_si.o)
 .debug_aranges
                0x000000a0       0x20 e:/1/nti/avr/sdk_win_64/sdk_win_64/sdk_win_64/winavr/bin/../lib/gcc/avr/4.3.3/avr5\libgcc.a(_usi_to_sf.o)
 .debug_aranges
                0x000000c0       0x20 e:/1/nti/avr/sdk_win_64/sdk_win_64/sdk_win_64/winavr/bin/../lib/gcc/avr/4.3.3/avr5\libgcc.a(_clzsi2.o)
 .debug_aranges
                0x000000e0       0x20 e:/1/nti/avr/sdk_win_64/sdk_win_64/sdk_win_64/winavr/bin/../lib/gcc/avr/4.3.3/avr5\libgcc.a(_pack_sf.o)
 .debug_aranges
                0x00000100       0x20 e:/1/nti/avr/sdk_win_64/sdk_win_64/sdk_win_64/winavr/bin/../lib/gcc/avr/4.3.3/avr5\libgcc.a(_unpack_sf.o)
 .debug_aranges
                0x00000120       0x20 e:/1/nti/avr/sdk_win_64/sdk_win_64/sdk_win_64/winavr/bin/../lib/gcc/avr/4.3.3/avr5\libgcc.a(_fpcmp_parts_sf.o)

.debug_pubnames
                0x00000000      0x197
 *(.debug_pubnames)
 .debug_pubnames
                0x00000000       0x23 e:/1/nti/avr/sdk_win_64/sdk_win_64/sdk_win_64/winavr/bin/../lib/gcc/avr/4.3.3/avr5\libgcc.a(_fixunssfsi.o)
 .debug_pubnames
                0x00000023       0x2c e:/1/nti/avr/sdk_win_64/sdk_win_64/sdk_win_64/winavr/bin/../lib/gcc/avr/4.3.3/avr5\libgcc.a(_addsub_sf.o)
 .debug_pubnames
                0x0000004f       0x1f e:/1/nti/avr/sdk_win_64/sdk_win_64/sdk_win_64/winavr/bin/../lib/gcc/avr/4.3.3/avr5\libgcc.a(_mul_sf.o)
 .debug_pubnames
                0x0000006e       0x1e e:/1/nti/avr/sdk_win_64/sdk_win_64/sdk_win_64/winavr/bin/../lib/gcc/avr/4.3.3/avr5\libgcc.a(_ge_sf.o)
 .debug_pubnames
                0x0000008c       0x20 e:/1/nti/avr/sdk_win_64/sdk_win_64/sdk_win_64/winavr/bin/../lib/gcc/avr/4.3.3/avr5\libgcc.a(_sf_to_si.o)
 .debug_pubnames
                0x000000ac       0x22 e:/1/nti/avr/sdk_win_64/sdk_win_64/sdk_win_64/winavr/bin/../lib/gcc/avr/4.3.3/avr5\libgcc.a(_thenan_sf.o)
 .debug_pubnames
                0x000000ce       0x24 e:/1/nti/avr/sdk_win_64/sdk_win_64/sdk_win_64/winavr/bin/../lib/gcc/avr/4.3.3/avr5\libgcc.a(_usi_to_sf.o)
 .debug_pubnames
                0x000000f2       0x1f e:/1/nti/avr/sdk_win_64/sdk_win_64/sdk_win_64/winavr/bin/../lib/gcc/avr/4.3.3/avr5\libgcc.a(_clzsi2.o)
 .debug_pubnames
                0x00000111       0x1f e:/1/nti/avr/sdk_win_64/sdk_win_64/sdk_win_64/winavr/bin/../lib/gcc/avr/4.3.3/avr5\libgcc.a(_pack_sf.o)
 .debug_pubnames
                0x00000130       0x21 e:/1/nti/avr/sdk_win_64/sdk_win_64/sdk_win_64/winavr/bin/../lib/gcc/avr/4.3.3/avr5\libgcc.a(_unpack_sf.o)
 .debug_pubnames
                0x00000151       0x26 e:/1/nti/avr/sdk_win_64/sdk_win_64/sdk_win_64/winavr/bin/../lib/gcc/avr/4.3.3/avr5\libgcc.a(_fpcmp_parts_sf.o)
 .debug_pubnames
                0x00000177       0x20 e:/1/nti/avr/sdk_win_64/sdk_win_64/sdk_win_64/winavr/bin/../lib/gcc/avr/4.3.3/avr5\libgcc.a(_clz.o)

.debug_info     0x00000000     0x1b11
 *(.debug_info)
 .debug_info    0x00000000       0xb1 e:/1/nti/avr/sdk_win_64/sdk_win_64/sdk_win_64/winavr/bin/../lib/gcc/avr/4.3.3/avr5\libgcc.a(_fixunssfsi.o)
 .debug_info    0x000000b1      0x47a e:/1/nti/avr/sdk_win_64/sdk_win_64/sdk_win_64/winavr/bin/../lib/gcc/avr/4.3.3/avr5\libgcc.a(_addsub_sf.o)
 .debug_info    0x0000052b      0x485 e:/1/nti/avr/sdk_win_64/sdk_win_64/sdk_win_64/winavr/bin/../lib/gcc/avr/4.3.3/avr5\libgcc.a(_mul_sf.o)
 .debug_info    0x000009b0      0x27f e:/1/nti/avr/sdk_win_64/sdk_win_64/sdk_win_64/winavr/bin/../lib/gcc/avr/4.3.3/avr5\libgcc.a(_ge_sf.o)
 .debug_info    0x00000c2f      0x2b0 e:/1/nti/avr/sdk_win_64/sdk_win_64/sdk_win_64/winavr/bin/../lib/gcc/avr/4.3.3/avr5\libgcc.a(_sf_to_si.o)
 .debug_info    0x00000edf      0x12c e:/1/nti/avr/sdk_win_64/sdk_win_64/sdk_win_64/winavr/bin/../lib/gcc/avr/4.3.3/avr5\libgcc.a(_thenan_sf.o)
 .debug_info    0x0000100b      0x206 e:/1/nti/avr/sdk_win_64/sdk_win_64/sdk_win_64/winavr/bin/../lib/gcc/avr/4.3.3/avr5\libgcc.a(_usi_to_sf.o)
 .debug_info    0x00001211      0x117 e:/1/nti/avr/sdk_win_64/sdk_win_64/sdk_win_64/winavr/bin/../lib/gcc/avr/4.3.3/avr5\libgcc.a(_clzsi2.o)
 .debug_info    0x00001328      0x2df e:/1/nti/avr/sdk_win_64/sdk_win_64/sdk_win_64/winavr/bin/../lib/gcc/avr/4.3.3/avr5\libgcc.a(_pack_sf.o)
 .debug_info    0x00001607      0x251 e:/1/nti/avr/sdk_win_64/sdk_win_64/sdk_win_64/winavr/bin/../lib/gcc/avr/4.3.3/avr5\libgcc.a(_unpack_sf.o)
 .debug_info    0x00001858      0x210 e:/1/nti/avr/sdk_win_64/sdk_win_64/sdk_win_64/winavr/bin/../lib/gcc/avr/4.3.3/avr5\libgcc.a(_fpcmp_parts_sf.o)
 .debug_info    0x00001a68       0xa9 e:/1/nti/avr/sdk_win_64/sdk_win_64/sdk_win_64/winavr/bin/../lib/gcc/avr/4.3.3/avr5\libgcc.a(_clz.o)
 *(.gnu.linkonce.wi.*)

.debug_abbrev   0x00000000      0xebc
 *(.debug_abbrev)
 .debug_abbrev  0x00000000       0x5d e:/1/nti/avr/sdk_win_64/sdk_win_64/sdk_win_64/winavr/bin/../lib/gcc/avr/4.3.3/avr5\libgcc.a(_fixunssfsi.o)
 .debug_abbrev  0x0000005d      0x1ea e:/1/nti/avr/sdk_win_64/sdk_win_64/sdk_win_64/winavr/bin/../lib/gcc/avr/4.3.3/avr5\libgcc.a(_addsub_sf.o)
 .debug_abbrev  0x00000247      0x21b e:/1/nti/avr/sdk_win_64/sdk_win_64/sdk_win_64/winavr/bin/../lib/gcc/avr/4.3.3/avr5\libgcc.a(_mul_sf.o)
 .debug_abbrev  0x00000462      0x15a e:/1/nti/avr/sdk_win_64/sdk_win_64/sdk_win_64/winavr/bin/../lib/gcc/avr/4.3.3/avr5\libgcc.a(_ge_sf.o)
 .debug_abbrev  0x000005bc      0x17f e:/1/nti/avr/sdk_win_64/sdk_win_64/sdk_win_64/winavr/bin/../lib/gcc/avr/4.3.3/avr5\libgcc.a(_sf_to_si.o)
 .debug_abbrev  0x0000073b       0xad e:/1/nti/avr/sdk_win_64/sdk_win_64/sdk_win_64/winavr/bin/../lib/gcc/avr/4.3.3/avr5\libgcc.a(_thenan_sf.o)
 .debug_abbrev  0x000007e8      0x157 e:/1/nti/avr/sdk_win_64/sdk_win_64/sdk_win_64/winavr/bin/../lib/gcc/avr/4.3.3/avr5\libgcc.a(_usi_to_sf.o)
 .debug_abbrev  0x0000093f       0xc4 e:/1/nti/avr/sdk_win_64/sdk_win_64/sdk_win_64/winavr/bin/../lib/gcc/avr/4.3.3/avr5\libgcc.a(_clzsi2.o)
 .debug_abbrev  0x00000a03      0x1c0 e:/1/nti/avr/sdk_win_64/sdk_win_64/sdk_win_64/winavr/bin/../lib/gcc/avr/4.3.3/avr5\libgcc.a(_pack_sf.o)
 .debug_abbrev  0x00000bc3      0x154 e:/1/nti/avr/sdk_win_64/sdk_win_64/sdk_win_64/winavr/bin/../lib/gcc/avr/4.3.3/avr5\libgcc.a(_unpack_sf.o)
 .debug_abbrev  0x00000d17      0x13b e:/1/nti/avr/sdk_win_64/sdk_win_64/sdk_win_64/winavr/bin/../lib/gcc/avr/4.3.3/avr5\libgcc.a(_fpcmp_parts_sf.o)
 .debug_abbrev  0x00000e52       0x6a e:/1/nti/avr/sdk_win_64/sdk_win_64/sdk_win_64/winavr/bin/../lib/gcc/avr/4.3.3/avr5\libgcc.a(_clz.o)

.debug_line     0x00000000      0xe5b
 *(.debug_line)
 .debug_line    0x00000000       0xa7 e:/1/nti/avr/sdk_win_64/sdk_win_64/sdk_win_64/winavr/bin/../lib/gcc/avr/4.3.3/avr5\libgcc.a(_fixunssfsi.o)
 .debug_line    0x000000a7      0x2af e:/1/nti/avr/sdk_win_64/sdk_win_64/sdk_win_64/winavr/bin/../lib/gcc/avr/4.3.3/avr5\libgcc.a(_addsub_sf.o)
 .debug_line    0x00000356      0x239 e:/1/nti/avr/sdk_win_64/sdk_win_64/sdk_win_64/winavr/bin/../lib/gcc/avr/4.3.3/avr5\libgcc.a(_mul_sf.o)
 .debug_line    0x0000058f       0xd3 e:/1/nti/avr/sdk_win_64/sdk_win_64/sdk_win_64/winavr/bin/../lib/gcc/avr/4.3.3/avr5\libgcc.a(_ge_sf.o)
 .debug_line    0x00000662      0x109 e:/1/nti/avr/sdk_win_64/sdk_win_64/sdk_win_64/winavr/bin/../lib/gcc/avr/4.3.3/avr5\libgcc.a(_sf_to_si.o)
 .debug_line    0x0000076b       0x90 e:/1/nti/avr/sdk_win_64/sdk_win_64/sdk_win_64/winavr/bin/../lib/gcc/avr/4.3.3/avr5\libgcc.a(_thenan_sf.o)
 .debug_line    0x000007fb      0x133 e:/1/nti/avr/sdk_win_64/sdk_win_64/sdk_win_64/winavr/bin/../lib/gcc/avr/4.3.3/avr5\libgcc.a(_usi_to_sf.o)
 .debug_line    0x0000092e       0xa5 e:/1/nti/avr/sdk_win_64/sdk_win_64/sdk_win_64/winavr/bin/../lib/gcc/avr/4.3.3/avr5\libgcc.a(_clzsi2.o)
 .debug_line    0x000009d3      0x18a e:/1/nti/avr/sdk_win_64/sdk_win_64/sdk_win_64/winavr/bin/../lib/gcc/avr/4.3.3/avr5\libgcc.a(_pack_sf.o)
 .debug_line    0x00000b5d      0x14b e:/1/nti/avr/sdk_win_64/sdk_win_64/sdk_win_64/winavr/bin/../lib/gcc/avr/4.3.3/avr5\libgcc.a(_unpack_sf.o)
 .debug_line    0x00000ca8      0x137 e:/1/nti/avr/sdk_win_64/sdk_win_64/sdk_win_64/winavr/bin/../lib/gcc/avr/4.3.3/avr5\libgcc.a(_fpcmp_parts_sf.o)
 .debug_line    0x00000ddf       0x7c e:/1/nti/avr/sdk_win_64/sdk_win_64/sdk_win_64/winavr/bin/../lib/gcc/avr/4.3.3/avr5\libgcc.a(_clz.o)

.debug_frame    0x00000000      0x160
 *(.debug_frame)
 .debug_frame   0x00000000       0x20 e:/1/nti/avr/sdk_win_64/sdk_win_64/sdk_win_64/winavr/bin/../lib/gcc/avr/4.3.3/avr5\libgcc.a(_fixunssfsi.o)
 .debug_frame   0x00000020       0x40 e:/1/nti/avr/sdk_win_64/sdk_win_64/sdk_win_64/winavr/bin/../lib/gcc/avr/4.3.3/avr5\libgcc.a(_addsub_sf.o)
 .debug_frame   0x00000060       0x20 e:/1/nti/avr/sdk_win_64/sdk_win_64/sdk_win_64/winavr/bin/../lib/gcc/avr/4.3.3/avr5\libgcc.a(_mul_sf.o)
 .debug_frame   0x00000080       0x20 e:/1/nti/avr/sdk_win_64/sdk_win_64/sdk_win_64/winavr/bin/../lib/gcc/avr/4.3.3/avr5\libgcc.a(_ge_sf.o)
 .debug_frame   0x000000a0       0x20 e:/1/nti/avr/sdk_win_64/sdk_win_64/sdk_win_64/winavr/bin/../lib/gcc/avr/4.3.3/avr5\libgcc.a(_sf_to_si.o)
 .debug_frame   0x000000c0       0x20 e:/1/nti/avr/sdk_win_64/sdk_win_64/sdk_win_64/winavr/bin/../lib/gcc/avr/4.3.3/avr5\libgcc.a(_usi_to_sf.o)
 .debug_frame   0x000000e0       0x20 e:/1/nti/avr/sdk_win_64/sdk_win_64/sdk_win_64/winavr/bin/../lib/gcc/avr/4.3.3/avr5\libgcc.a(_clzsi2.o)
 .debug_frame   0x00000100       0x20 e:/1/nti/avr/sdk_win_64/sdk_win_64/sdk_win_64/winavr/bin/../lib/gcc/avr/4.3.3/avr5\libgcc.a(_pack_sf.o)
 .debug_frame   0x00000120       0x20 e:/1/nti/avr/sdk_win_64/sdk_win_64/sdk_win_64/winavr/bin/../lib/gcc/avr/4.3.3/avr5\libgcc.a(_unpack_sf.o)
 .debug_frame   0x00000140       0x20 e:/1/nti/avr/sdk_win_64/sdk_win_64/sdk_win_64/winavr/bin/../lib/gcc/avr/4.3.3/avr5\libgcc.a(_fpcmp_parts_sf.o)

.debug_str      0x00000000      0x2b1
 *(.debug_str)
 .debug_str     0x00000000       0xbf e:/1/nti/avr/sdk_win_64/sdk_win_64/sdk_win_64/winavr/bin/../lib/gcc/avr/4.3.3/avr5\libgcc.a(_fixunssfsi.o)
                                 0xfe (size before relaxing)
 .debug_str     0x000000bf      0x14d e:/1/nti/avr/sdk_win_64/sdk_win_64/sdk_win_64/winavr/bin/../lib/gcc/avr/4.3.3/avr5\libgcc.a(_addsub_sf.o)
                                0x206 (size before relaxing)
 .debug_str     0x0000020c       0x27 e:/1/nti/avr/sdk_win_64/sdk_win_64/sdk_win_64/winavr/bin/../lib/gcc/avr/4.3.3/avr5\libgcc.a(_mul_sf.o)
                                0x1bf (size before relaxing)
 .debug_str     0x00000233        0x8 e:/1/nti/avr/sdk_win_64/sdk_win_64/sdk_win_64/winavr/bin/../lib/gcc/avr/4.3.3/avr5\libgcc.a(_ge_sf.o)
                                0x195 (size before relaxing)
 .debug_str     0x0000023b        0xa e:/1/nti/avr/sdk_win_64/sdk_win_64/sdk_win_64/winavr/bin/../lib/gcc/avr/4.3.3/avr5\libgcc.a(_sf_to_si.o)
                                0x19e (size before relaxing)
 .debug_str     0x00000000      0x103 e:/1/nti/avr/sdk_win_64/sdk_win_64/sdk_win_64/winavr/bin/../lib/gcc/avr/4.3.3/avr5\libgcc.a(_thenan_sf.o)
 .debug_str     0x00000245       0x21 e:/1/nti/avr/sdk_win_64/sdk_win_64/sdk_win_64/winavr/bin/../lib/gcc/avr/4.3.3/avr5\libgcc.a(_usi_to_sf.o)
                                0x177 (size before relaxing)
 .debug_str     0x00000266       0x20 e:/1/nti/avr/sdk_win_64/sdk_win_64/sdk_win_64/winavr/bin/../lib/gcc/avr/4.3.3/avr5\libgcc.a(_clzsi2.o)
                                0x111 (size before relaxing)
 .debug_str     0x00000286       0x10 e:/1/nti/avr/sdk_win_64/sdk_win_64/sdk_win_64/winavr/bin/../lib/gcc/avr/4.3.3/avr5\libgcc.a(_pack_sf.o)
                                0x19d (size before relaxing)
 .debug_str     0x00000296        0xb e:/1/nti/avr/sdk_win_64/sdk_win_64/sdk_win_64/winavr/bin/../lib/gcc/avr/4.3.3/avr5\libgcc.a(_unpack_sf.o)
                                0x17f (size before relaxing)
 .debug_str     0x000002a1       0x10 e:/1/nti/avr/sdk_win_64/sdk_win_64/sdk_win_64/winavr/bin/../lib/gcc/avr/4.3.3/avr5\libgcc.a(_fpcmp_parts_sf.o)
                                0x163 (size before relaxing)
 .debug_str     0x00000000       0xf4 e:/1/nti/avr/sdk_win_64/sdk_win_64/sdk_win_64/winavr/bin/../lib/gcc/avr/4.3.3/avr5\libgcc.a(_clz.o)

.debug_loc      0x00000000      0x836
 *(.debug_loc)
 .debug_loc     0x00000000       0x34 e:/1/nti/avr/sdk_win_64/sdk_win_64/sdk_win_64/winavr/bin/../lib/gcc/avr/4.3.3/avr5\libgcc.a(_fixunssfsi.o)
 .debug_loc     0x00000034      0x32a e:/1/nti/avr/sdk_win_64/sdk_win_64/sdk_win_64/winavr/bin/../lib/gcc/avr/4.3.3/avr5\libgcc.a(_addsub_sf.o)
 .debug_loc     0x0000035e      0x104 e:/1/nti/avr/sdk_win_64/sdk_win_64/sdk_win_64/winavr/bin/../lib/gcc/avr/4.3.3/avr5\libgcc.a(_mul_sf.o)
 .debug_loc     0x00000462       0x3c e:/1/nti/avr/sdk_win_64/sdk_win_64/sdk_win_64/winavr/bin/../lib/gcc/avr/4.3.3/avr5\libgcc.a(_ge_sf.o)
 .debug_loc     0x0000049e       0x7e e:/1/nti/avr/sdk_win_64/sdk_win_64/sdk_win_64/winavr/bin/../lib/gcc/avr/4.3.3/avr5\libgcc.a(_sf_to_si.o)
 .debug_loc     0x0000051c       0x4c e:/1/nti/avr/sdk_win_64/sdk_win_64/sdk_win_64/winavr/bin/../lib/gcc/avr/4.3.3/avr5\libgcc.a(_usi_to_sf.o)
 .debug_loc     0x00000568       0x94 e:/1/nti/avr/sdk_win_64/sdk_win_64/sdk_win_64/winavr/bin/../lib/gcc/avr/4.3.3/avr5\libgcc.a(_clzsi2.o)
 .debug_loc     0x000005fc      0x13e e:/1/nti/avr/sdk_win_64/sdk_win_64/sdk_win_64/winavr/bin/../lib/gcc/avr/4.3.3/avr5\libgcc.a(_pack_sf.o)
 .debug_loc     0x0000073a       0xac e:/1/nti/avr/sdk_win_64/sdk_win_64/sdk_win_64/winavr/bin/../lib/gcc/avr/4.3.3/avr5\libgcc.a(_unpack_sf.o)
 .debug_loc     0x000007e6       0x50 e:/1/nti/avr/sdk_win_64/sdk_win_64/sdk_win_64/winavr/bin/../lib/gcc/avr/4.3.3/avr5\libgcc.a(_fpcmp_parts_sf.o)

.debug_macinfo
 *(.debug_macinfo)
OUTPUT(RTOS.elf elf32-avr)
LOAD linker stubs

.debug_ranges   0x00000000       0x50
 .debug_ranges  0x00000000       0x50 e:/1/nti/avr/sdk_win_64/sdk_win_64/sdk_win_64/winavr/bin/../lib/gcc/avr/4.3.3/avr5\libgcc.a(_mul_sf.o)
